******************************************************************************
                  TI ARM Linker PC v20.2.7                     
******************************************************************************
>> Linked Mon Sep  4 16:03:48 2023

OUTPUT FILE NAME:   <udpecho_MSP_EXP432E401Y_tirtos_ccs.out>
ENTRY POINT SYMBOL: "_c_int00"  address: 0001856d


MEMORY CONFIGURATION

         name            origin    length      used     unused   attr    fill
----------------------  --------  ---------  --------  --------  ----  --------
  FLASH                 00000000   00100000  000205f8  000dfa08  R  X
  SRAM                  20000000   00040000  0003216e  0000de92  RW X


SEGMENT ALLOCATION MAP

run origin  load origin   length   init length attrs members
----------  ----------- ---------- ----------- ----- -------
00000000    00000000    00020600   00020600    r-x
  00000000    00000000    0000003c   0000003c    r-- .resetVecs
  00000040    00000040    0001e5f2   0001e5f2    r-x .text
  0001e634    0001e634    0000199a   0000199a    r-- .const
  0001ffd0    0001ffd0    00000630   00000630    r-- .cinit
20000360    20000360    00020000   00000000    r--
  20000360    20000360    00020000   00000000    r-- .priheap
20020400    20020400    00011a0e   00000000    rw-
  20020400    20020400    00010b14   00000000    rw- .bss
  20030f14    20030f14    00000efa   00000000    rw- .data
2003fc00    2003fc00    00000400   00000000    rw-
  2003fc00    2003fc00    00000400   00000000    rw- .stack


SECTION ALLOCATION MAP

 output                                  attributes/
section   page    origin      length       input sections
--------  ----  ----------  ----------   ----------------
.text      0    00000040    0001e5f2     
                  00000040    00000d0c     stk.aem4f : tcpin.oem4f (.text:TcpInput)
                  00000d4c    00000a4e     rtsv7M4_T_le_v4SPD16_eabi.lib : _printfi.c.obj (.text:__TI_printfi)
                  0000179a    00000002     ti_drivers_config.obj (.text:Board_initHook)
                  0000179c    0000090c     stk.aem4f : tcpout.oem4f (.text:TcpOutput)
                  000020a8    000005f0     Infrastructure.obj (.text:Initialize)
                  00002698    000004f0     slnetifndk_msp432e4.aem4f : slnetifndk.oem4f (.text:SlNetIfNDK_getSockOpt)
                  00002b88    0000048c     stk.aem4f : ipout.oem4f (.text:IPTxPacket)
                  00003014    00000004               : bind.oem4f (.text:BindGetIF)
                  00003018    00000468     sysbios.aem4f : BIOS.obj (.text:xdc_runtime_System_doPrint__I)
                  00003480    00000454     p100.obj (.text:MPReg)
                  000038d4    000003a0     stk.aem4f : ipin.oem4f (.text:IPRxPacket)
                  00003c74    00000396     nettool_ipv4.aem4f : dnscomn.oem4f (.text:DNSResolveByName)
                  0000400a    00000002     stk.aem4f : nat.oem4f (.text:NatMsg)
                  0000400c    00000350     slnetsock_release.a : slnetutils.oem4f (.text:SlNetUtil_getAddrInfo)
                  0000435c    00000328     p100.obj (.text:MPHelp)
                  00004684    0000030a     nettool_ipv4.aem4f : dnscomn.oem4f (.text:DNSResolveByAddr)
                  0000498e    00000002     drivers_msp432e4.aem4f : TimerMSP432E4.oem4f (.text:TimerMSP432E4_init)
                  00004990    000002fc     udpEcho.obj (.text:UDPXmitFxn)
                  00004c8c    000002f0     drivers_msp432e4.aem4f : UARTMSP432E4.oem4f (.text:UARTMSP432E4_open)
                  00004f7c    000002ec     slnetifndk_msp432e4.aem4f : slnetifndk.oem4f (.text:SlNetIfNDK_setSockOpt)
                  00005268    000002ea     nettool_ipv4.aem4f : dnscomn.oem4f (.text:DNSResolveByNS)
                  00005552    00000002     drivers_msp432e4.aem4f : UARTMSP432E4.oem4f (.text:UARTMSP432E4_init)
                  00005554    000002e4     p100.obj (.text:MPTickers)
                  00005838    000002ac     stk.aem4f : sock.oem4f (.text:SockSet)
                  00005ae4    000002a0     udpEchoHooks.obj (.text:netIPAddrHook)
                  00005d84    00000004     stk.aem4f : bind.oem4f (.text:BindGetNext)
                  00005d88    000002a0     sysbios.aem4f : BIOS.obj (.text:ti_sysbios_family_arm_msp432e4_init_Boot_sysCtlClockFreqSetI__I)
                  00006028    0000027c     udpEcho.obj (.text:UDPRecvFxn)
                  000062a4    00000274     stk.aem4f : icmpin.oem4f (.text:ICMPInput)
                  00006518    00000274     p100.obj (.text:MPSine)
                  0000678c    00000270     rtsv7M4_T_le_v4SPD16_eabi.lib : _printfi.c.obj (.text:_pconv_a)
                  000069fc    0000025e     stk.aem4f : fileuser.oem4f (.text:fdPoll)
                  00006c5a    00000002     hal_ser_stub.aem4f : llserstb.oem4f (.text:_llSerialServiceCheck)
                  00006c5c    0000025c     stk.aem4f : ipfrag.oem4f (.text:IPReasm)
                  00006eb8    0000023a     msp432e4_driverlib.a : gpio.o (.text:GPIOPadConfigSet)
                  000070f2    00000002     hal_ser_stub.aem4f : llserstb.oem4f (.text:_llSerialShutdown)
                  000070f4    00000230     stk.aem4f : udp.oem4f (.text:UdpInput)
                  00007324    00000218     netctrl_min_ipv4.aem4f : netctrl.oem4f (.text:NC_NetStart)
                  0000753c    00000218     slnetifndk_msp432e4.aem4f : slnetifndk.oem4f (.text:SlNetIfNDK_recvFrom)
                  00007754    00000200     p100.obj (.text:MPIf)
                  00007954    00000200     Infrastructure.obj (.text:MsgParse)
                  00007b54    00000200     slnetifndk_msp432e4.aem4f : slnetifndk.oem4f (.text:SlNetIfNDK_sendTo)
                  00007d54    000001fc     drivers_msp432e4.aem4f : SPIMSP432E4DMA.oem4f (.text:SPIMSP432E4DMA_transfer)
                  00007f50    000001f8     stk.aem4f : sock.oem4f (.text:SockGet)
                  00008148    000001ec     slnetifndk_msp432e4.aem4f : slnetifndk.oem4f (.text:SlNetIfNDK_accept)
                  00008334    000001ec     stk.aem4f : sock.oem4f (.text:SockRecv)
                  00008520    000001ea     nettool_ipv4.aem4f : dnspkt.oem4f (.text:DNSGetReply)
                  0000870a    00000002     hal_userled_stub.aem4f : llled.oem4f (.text:_llUserLedInit)
                  0000870c    000001d0     stk.aem4f : lliin.oem4f (.text:LLIRxPacket)
                  000088dc    000001d0     rtsv7M4_T_le_v4SPD16_eabi.lib : _printfi.c.obj (.text:_pconv_g)
                  00008aac    000001c8     drivers_msp432e4.aem4f : EMACMSP432E4.oem4f (.text:EMACMSP432E4_emacStart)
                  00008c74    000001c4     p100.obj (.text:MPMemr)
                  00008e38    000001b6     rtsv7M4_T_le_v4SPD16_eabi.lib : fd_add_t2.asm.obj (.text)
                  00008fee    00000002     hal_userled_stub.aem4f : llled.oem4f (.text:_llUserLedShutdown)
                  00008ff0    000001b4     drivers_msp432e4.aem4f : SPIMSP432E4DMA.oem4f (.text:SPIMSP432E4DMA_open)
                  000091a4    000001b4     stk.aem4f : sock.oem4f (.text:SockNew)
                  00009358    000001b4     uartecho.obj (.text:mainThread)
                  0000950c    000001b0     stk.aem4f : lliout.oem4f (.text:LLITxIpPacket)
                  000096bc    000001b0               : udp.oem4f (.text:UdpOutput)
                  0000986c    0000019c     os.aem4f : mem.oem4f (.text:mmAlloc)
                  00009a08    00000198     nettool_ipv4.aem4f : dnsclnt.oem4f (.text:DNSResolve)
                  00009ba0    00000198     stk.aem4f : igmp.oem4f (.text:IGMPInput)
                  00009d38    00000198     slnetsock_release.a : slnetsock.oem4f (.text:SlNetSock_select)
                  00009ed0    00000194     nettool_ipv4.aem4f : dhcpmain.oem4f (.text:DHCPOpen)
                  0000a064    00000190     p100.obj (.text:MPGpio)
                  0000a1f4    00000188     nettool_ipv4.aem4f : ipaddr.oem4f (.text:NtGetPublicHost)
                  0000a37c    00000188     stk.aem4f : fileuser.oem4f (.text:fdSelect)
                  0000a504    00000188     release_pem4f.oem4f (.text:xdc_runtime_System_printfExtend__I)
                  0000a68c    00000184     drivers_msp432e4.aem4f : GPIOMSP432E4.oem4f (.text:GPIO_setConfig)
                  0000a810    00000184     slnetifndk_msp432e4.aem4f : slnetifndk.oem4f (.text:SlNetIfNDK_getPeerName)
                  0000a994    00000184                               : slnetifndk.oem4f (.text:SlNetIfNDK_getSockName)
                  0000ab18    0000017c     drivers_msp432e4.aem4f : EMACMSP432E4.oem4f (.text:EMACMSP432E4_NIMUInit)
                  0000ac94    00000178     p100.obj (.text:MPCallback)
                  0000ae0c    00000178     slnetifndk_msp432e4.aem4f : slnetifndk.oem4f (.text:SlNetIfNDK_recv)
                  0000af84    00000178     stk.aem4f : tcpout.oem4f (.text:TcpGenPacket)
                  0000b0fc    00000170     nettool_ipv4.aem4f : dnscomn.oem4f (.text:DNSResolveExternal)
                  0000b26c    00000170     stk.aem4f : rtc.oem4f (.text:RTCReport)
                  0000b3dc    0000016d     nettool_ipv4.aem4f : dnspkt.oem4f (.text:DNSReadRecord)
                  0000b549    00000001     --HOLE-- [fill = 0]
                  0000b54a    00000002     rtsv7M4_T_le_v4SPD16_eabi.lib : _lock.c.obj (.text:_nop)
                  0000b54c    0000016c     slnetifndk_msp432e4.aem4f : slnetifndk.oem4f (.text:SlNetIfNDK_send)
                  0000b6b8    0000016a     stk.aem4f : sb.oem4f (.text:SBRead)
                  0000b822    00000002     hal_ser_stub.aem4f : llserstb.oem4f (.text:llSerialService)
                  0000b824    00000168     slnetifndk_msp432e4.aem4f : slnetifndk.oem4f (.text:SlNetIfNDK_connect)
                  0000b98c    00000160     stk.aem4f : icmp.oem4f (.text:ICMPGenPacket)
                  0000baec    00000160               : sock.oem4f (.text:SockConnect)
                  0000bc4c    00000158     p100.obj (.text:MPTimer)
                  0000bda4    00000158     stk.aem4f : nimu.oem4f (.text:NIMUInit)
                  0000befc    00000004     dpl_msp432e4.aem4f : ClockP_tirtos.oem4f (.text:ClockP_getCpuFreq)
                  0000bf00    00000154     sysbios.aem4f : BIOS.obj (.text:ti_sysbios_knl_Task_Instance_finalize__E)
                  0000c054    00000148     ti_ndk_config.obj (.text:ndkStackThread)
                  0000c19c    00000144     stk.aem4f : bind.oem4f (.text:BindNew)
                  0000c2e0    00000144     slnetifndk_msp432e4.aem4f : slnetifndk.oem4f (.text:SlNetIfNDK_select)
                  0000c424    00000144     stk.aem4f : sockpcb.oem4f (.text:SockPcbResolve)
                  0000c568    00000140               : tcp.oem4f (.text:TcpTimeoutCheck)
                  0000c6a8    0000013c     nettool_ipv4.aem4f : config.oem4f (.text:CfgAddEntry)
                  0000c7e4    0000013c     netctrl_min_ipv4.aem4f : netctrl.oem4f (.text:NetScheduler)
                  0000c920    0000013c     slnetifndk_msp432e4.aem4f : slnetifndk.oem4f (.text:SlNetIfNDK_ifCreateContext)
                  0000ca5c    0000013c     stk.aem4f : sockint.oem4f (.text:SockNotify)
                  0000cb98    0000013c               : sock.oem4f (.text:SockSend)
                  0000ccd4    0000013c     rtsv7M4_T_le_v4SPD16_eabi.lib : _printfi.c.obj (.text:_pconv_e)
                  0000ce10    00000136                                   : fd_div_t2.asm.obj (.text)
                  0000cf46    00000002                                   : div0.asm.obj (.text)
                  0000cf48    00000134     drivers_msp432e4.aem4f : EMACMSP432E4.oem4f (.text:EMACMSP432E4_handleRx)
                  0000d07c    00000130     rtsv7M4_T_le_v4SPD16_eabi.lib : strtol.c.obj (.text:strtol)
                  0000d1ac    00000004     dpl_msp432e4.aem4f : ClockP_tirtos.oem4f (.text:ClockP_setTimeout)
                  0000d1b0    00000130     sysbios.aem4f : BIOS.obj (.text:ti_sysbios_knl_Semaphore_pend__E)
                  0000d2e0    0000012e     drivers_msp432e4.aem4f : SPIMSP432E4DMA.oem4f (.text:SPIMSP432E4DMA_transferCancel)
                  0000d40e    00000002     release_pem4f.oem4f (.text:ti_sysbios_BIOS_nullFunc__I)
                  0000d410    00000124     rtsv7M4_T_le_v4SPD16_eabi.lib : _printfi.c.obj (.text:fcvt)
                  0000d534    00000120     slnetsock_release.a : errnoutil.oem4f (.text:ErrnoUtil_set)
                  0000d654    00000120     slnetifndk_msp432e4.aem4f : slnetifndk.oem4f (.text:SlNetIfNDK_close)
                  0000d774    00000004     dpl_msp432e4.aem4f : ClockP_tirtos.oem4f (.text:ClockP_start)
                  0000d778    00000120     sysbios.aem4f : BIOS.obj (.text:xdc_runtime_Startup_startMods__I)
                  0000d898    00000118     drivers_msp432e4.aem4f : TimerMSP432E4.oem4f (.text:TimerMSP432E4_open)
                  0000d9b0    00000114     stk.aem4f : nimu.oem4f (.text:NIMUIoctl)
                  0000dac4    00000114               : raw.oem4f (.text:RawInput)
                  0000dbd8    00000114     slnetifndk_msp432e4.aem4f : slnetifndk.oem4f (.text:SlNetIfNDK_getIPAddr)
                  0000dcec    00000114     rtsv7M4_T_le_v4SPD16_eabi.lib : fputs.c.obj (.text:fputs)
                  0000de00    00000110     stk.aem4f : node.oem4f (.text:NodeTreeFree)
                  0000df10    00000110               : route.oem4f (.text:RtCreate)
                  0000e020    00000110               : rtable.oem4f (.text:RtFind)
                  0000e130    00000110     rtsv7M4_T_le_v4SPD16_eabi.lib : s_scalbn.c.obj (.text:scalbn)
                  0000e240    00000110                                   : strtoul.c.obj (.text:strtoul)
                  0000e350    00000110     sysbios.aem4f : BIOS.obj (.text:ti_sysbios_knl_Task_postInit__I)
                  0000e460    0000010c     slnetifndk_msp432e4.aem4f : slnetifndk.oem4f (.text:getBSDSlNetErr)
                  0000e56c    00000004     dpl_msp432e4.aem4f : ClockP_tirtos.oem4f (.text:ClockP_stop)
                  0000e570    0000010c     sysbios.aem4f : BIOS.obj (.text:ti_sysbios_family_arm_lm4_Timer_start__E)
                  0000e67c    0000010a     stk.aem4f : tcpprot.oem4f (.text:TcpPrSetOption)
                  0000e786    00000002     --HOLE-- [fill = 0]
                  0000e788    00000108     p100.obj (.text:MPError)
                  0000e890    00000108     p100.obj (.text:MPScripts)
                  0000e998    00000108     slnetsock_release.a : slnetutils.oem4f (.text:SlNetUtil_str2BinIpV6)
                  0000eaa0    00000104     drivers_msp432e4.aem4f : SPIMSP432E4DMA.oem4f (.text:configNextTransfer)
                  0000eba4    00000104     nettool_ipv4.aem4f : dhcppkt.oem4f (.text:dhcpPacketProcess)
                  0000eca8    00000102                        : inetaddr.oem4f (.text:inet_aton)
                  0000edaa    00000002     --HOLE-- [fill = 0]
                  0000edac    00000100     stk.aem4f : icmp.oem4f (.text:ICMPSendRtAdv)
                  0000eeac    00000100               : igmp.oem4f (.text:IGMPSendReply)
                  0000efac    000000fc     rtsv7M4_T_le_v4SPD16_eabi.lib : fd_mul_t2.asm.obj (.text)
                  0000f0a8    000000f8     slnetsock_release.a : slnetutils.oem4f (.text:SlNetUtil_inetAton)
                  0000f1a0    000000f8     rtsv7M4_T_le_v4SPD16_eabi.lib : s_floor.c.obj (.text:floor)
                  0000f298    000000f8     os.aem4f : os_ll.oem4f (.text:llEnter)
                  0000f390    000000f8     sysbios.aem4f : BIOS.obj (.text:timer_create)
                  0000f488    000000f4     stk.aem4f : sock.oem4f (.text:SockClose)
                  0000f57c    000000f0               : lliout.oem4f (.text:LLIGenArpPacket)
                  0000f66c    000000f0               : rawethsock.oem4f (.text:RawEthSockNew)
                  0000f75c    00000004     dpl_msp432e4.aem4f : HwiP_tirtos.oem4f (.text:HwiP_clearInterrupt)
                  0000f760    000000f0     sysbios.aem4f : BIOS.obj (.text:pthread_create)
                  0000f850    000000f0                   : m3_Hwi_asm.obj (.text:ti_sysbios_family_arm_m3_Hwi_dispatch__I)
                  0000f940    000000f0     msp432e4_driverlib.a : udma.o (.text:uDMAChannelTransferSet)
                  0000fa30    000000ee     nettool_ipv4.aem4f : dnspkt.oem4f (.text:DNSWriteRecord)
                  0000fb1e    00000002     --HOLE-- [fill = 0]
                  0000fb20    000000ee     slnetifndk_msp432e4.aem4f : slnetifndk.oem4f (.text:SlNetIfNDK_socket)
                  0000fc0e    00000002     --HOLE-- [fill = 0]
                  0000fc10    000000ec     sysbios.aem4f : BIOS.obj (.text:clock_gettime)
                  0000fcfc    000000ea     stk.aem4f : pipe.oem4f (.text:PipeRecv)
                  0000fde6    000000e8     nettool_ipv4.aem4f : dnspkt.oem4f (.text:DNSWriteName)
                  0000fece    000000e8     drivers_msp432e4.aem4f : SPIMSP432E4DMA.oem4f (.text:SPIMSP432E4DMA_hwiFxn)
                  0000ffb6    00000002     --HOLE-- [fill = 0]
                  0000ffb8    000000e8     sysbios.aem4f : BIOS.obj (.text:ti_sysbios_knl_Task_Instance_init__E)
                  000100a0    000000e8                   : BIOS.obj (.text:timer_settime)
                  00010188    000000e4     slnetsock_release.a : slnetif.oem4f (.text:SlNetIf_add)
                  0001026c    000000e4     stk.aem4f : sockpcb.oem4f (.text:SockPcbBind)
                  00010350    000000e0     msp432e4_driverlib.a : emac.o (.text:EMACInit)
                  00010430    000000e0     stk.aem4f : tcptime.oem4f (.text:TcpTimeoutRexmt)
                  00010510    000000de     nettool_ipv4.aem4f : dhcpsock.oem4f (.text:dhcpSocketOpen)
                  000105ee    00000002     --HOLE-- [fill = 0]
                  000105f0    000000dc     stk.aem4f : sb.oem4f (.text:SBWrite)
                  000106cc    000000dc     rtsv7M4_T_le_v4SPD16_eabi.lib : setvbuf.c.obj (.text:setvbuf)
                  000107a8    000000da     nettool_ipv4.aem4f : dhcpsm.oem4f (.text:dhcpState)
                  00010882    00000002     --HOLE-- [fill = 0]
                  00010884    000000d8     Infrastructure.obj (.text:MsgAddByte)
                  0001095c    000000d8     stk.aem4f : node.oem4f (.text:NodeAdd)
                  00010a34    000000d8     slnetifndk_msp432e4.aem4f : slnetifndk.oem4f (.text:SlNetIfNDK_bind)
                  00010b0c    000000d8     udpEchoHooks.obj (.text:serviceReport)
                  00010be4    000000d4     slnetifndk_msp432e4.aem4f : slnetifndk.oem4f (.text:SlNetIfNDK_listen)
                  00010cb8    000000d4     callbacks.obj (.text:timer1Callback)
                  00010d8c    000000d1     stk.aem4f : nimu.oem4f (.text:NIMUReceivePacket)
                  00010e5d    00000003     --HOLE-- [fill = 0]
                  00010e60    000000d0     netctrl_min_ipv4.aem4f : netsrv.oem4f (.text:SPIpNet)
                  00010f30    000000d0     slnetifndk_msp432e4.aem4f : slnetifndk.oem4f (.text:SlNetIfNDK_shutdown)
                  00011000    000000d0     nettool_ipv4.aem4f : dhcpsm.oem4f (.text:dhcpIPAdd)
                  000110d0    000000d0     sysbios.aem4f : BIOS.obj (.text:ti_sysbios_heaps_HeapMem_alloc__E)
                  000111a0    000000cc     stk.aem4f : rawethsock.oem4f (.text:RawEthSockGet)
                  0001126c    000000cc               : rawethsock.oem4f (.text:RawEthSockSet)
                  00011338    000000cc     nettool_ipv4.aem4f : dhcpbild.oem4f (.text:dhcpBuildHeader)
                  00011404    000000cc                        : dhcppkt.oem4f (.text:dhcpVerifyMessage)
                  000114d0    000000c4     stk.aem4f : igmp.oem4f (.text:IGMPJoinHostGroup)
                  00011594    000000c4     nettool_ipv4.aem4f : dhcpsm.oem4f (.text:StateBound)
                  00011658    000000c4     rtsv7M4_T_le_v4SPD16_eabi.lib : s_round.c.obj (.text:round)
                  0001171c    00000004     dpl_msp432e4.aem4f : HwiP_tirtos.oem4f (.text:HwiP_disable)
                  00011720    000000c4     sysbios.aem4f : BIOS.obj (.text:ti_sysbios_knl_Task_sleep__E)
                  000117e4    000000c0     nettool_ipv4.aem4f : dnspkt.oem4f (.text:DNSReadName)
                  000118a4    000000be                        : dnsclnt.oem4f (.text:DNSGetHostByName)
                  00011962    000000be     drivers_msp432e4.aem4f : UARTMSP432E4.oem4f (.text:UARTMSP432E4_close)
                  00011a20    000000bc     stk.aem4f : sockpcb.oem4f (.text:SockPcbFind)
                  00011adc    000000bc               : vlan.oem4f (.text:VLANDeinit)
                  00011b98    000000bc     sysbios.aem4f : BIOS.obj (.text:ti_sysbios_knl_Task_exit__E)
                  00011c54    00000004     dpl_msp432e4.aem4f : HwiP_tirtos.oem4f (.text:HwiP_disableInterrupt)
                  00011c58    000000bc     sysbios.aem4f : BIOS.obj (.text:xdc_runtime_Core_createObject__I)
                  00011d14    000000ba     stk.aem4f : icmpin.oem4f (.text:ICMPRevSrcRoute)
                  00011dce    00000002     --HOLE-- [fill = 0]
                  00011dd0    000000b8               : lli.oem4f (.text:_LLITimeoutCheck)
                  00011e88    000000b8     sysbios.aem4f : BIOS.obj (.text:ti_sysbios_family_arm_m3_Hwi_Instance_init__E)
                  00011f40    000000b6     drivers_msp432e4.aem4f : UARTMSP432E4.oem4f (.text:readTaskCallback)
                  00011ff6    00000002     --HOLE-- [fill = 0]
                  00011ff8    000000b4     stk.aem4f : tcptime.oem4f (.text:TcpTimeoutKeep)
                  000120ac    000000b2               : nimu.oem4f (.text:NIMUAddEthernetHeader)
                  0001215e    00000002     --HOLE-- [fill = 0]
                  00012160    000000b1     rtsv7M4_T_le_v4SPD16_eabi.lib : _printfi.c.obj (.text:_ltostr)
                  00012211    00000001     --HOLE-- [fill = 0]
                  00012212    000000b0     drivers_msp432e4.aem4f : UARTMSP432E4.oem4f (.text:readTaskBlocking)
                  000122c2    00000006                            : SPIMSP432E4DMA.oem4f (.text:SPIMSP432E4DMA_control)
                  000122c8    000000b0     sysbios.aem4f : BIOS.obj (.text:ti_sysbios_family_arm_lm4_Timer_enableTiva__I)
                  00012378    000000ac     drivers_msp432e4.aem4f : EMACMSP432E4.oem4f (.text:EMACMSP432E4_initDMADescriptors)
                  00012424    000000ac                            : GPIOMSP432E4.oem4f (.text:GPIO_init)
                  000124d0    000000ac     stk.aem4f : rtable.oem4f (.text:RtTimeoutCheck)
                  0001257c    000000ac     os.aem4f : task.oem4f (.text:TaskGetEnv)
                  00012628    000000a8     stk.aem4f : sockint.oem4f (.text:SockCreatePacket)
                  000126d0    000000a4     msp432e4_driverlib.a : gpio.o (.text:GPIOIntTypeSet)
                  00012774    000000a4     os.aem4f : task.oem4f (.text:TaskSetEnv)
                  00012818    000000a4     sysbios.aem4f : BIOS.obj (.text:ti_sysbios_knl_Task_setPri__E)
                  000128bc    000000a0     drivers_msp432e4.aem4f : EMACMSP432E4.oem4f (.text:EMACMSP432E4_emacStop)
                  0001295c    000000a0     stk.aem4f : ip.oem4f (.text:IPGetRoute)
                  000129fc    000000a0     callbacks.obj (.text:SWITimer0)
                  00012a9c    000000a0     auto_init.aem4f : auto_init.oem4f (.text)
                  00012b3c    0000009e     nettool_ipv4.aem4f : dnsclnt.oem4f (.text:DNSGetHostArrayByName)
                  00012bda    0000009e     drivers_msp432e4.aem4f : UARTMSP432E4.oem4f (.text:UARTMSP432E4_readPolling)
                  00012c78    0000009c     stk.aem4f : exec.oem4f (.text:ExecOpen)
                  00012d14    0000009c     drivers_msp432e4.aem4f : SPIMSP432E4DMA.oem4f (.text:SPIMSP432E4DMA_close)
                  00012db0    0000009c     sysbios.aem4f : BIOS.obj (.text:_pthread_removeThreadKeys)
                  00012e4c    0000009c     rtsv7M4_T_le_v4SPD16_eabi.lib : memcpy_t2.asm.obj (.text)
                  00012ee8    00000098     netctrl_min_ipv4.aem4f : netctrl.oem4f (.text:NC_SystemOpen)
                  00012f80    00000098                            : netsrv.oem4f (.text:ServiceScan)
                  00013018    00000098     drivers_msp432e4.aem4f : UARTMSP432E4.oem4f (.text:UARTMSP432E4_write)
                  000130b0    00000096     rtsv7M4_T_le_v4SPD16_eabi.lib : ull_div_t2.asm.obj (.text)
                  00013146    00000002     --HOLE-- [fill = 0]
                  00013148    00000094     nettool_ipv4.aem4f : config.oem4f (.text:CfgExecute)
                  000131dc    00000094                        : config.oem4f (.text:CfgRemoveEntry)
                  00013270    00000094     os.aem4f : mem.oem4f (.text:_mmInit)
                  00013304    00000094     drivers_msp432e4.aem4f : UARTMSP432E4.oem4f (.text:readIsrTextBlocking)
                  00013398    00000094     sysbios.aem4f : BIOS.obj (.text:ti_sysbios_family_arm_m3_Hwi_initNVIC__E)
                  0001342c    00000092     slnetsock_release.a : slnetsock.oem4f (.text:SlNetSock_create)
                  000134be    00000002     --HOLE-- [fill = 0]
                  000134c0    00000090     stk.aem4f : igmp.oem4f (.text:IGMPMsg)
                  00013550    00000090     slnetsock_release.a : slnetsock.oem4f (.text:SlNetSock_getVirtualSdConf)
                  000135e0    00000090     drivers_msp432e4.aem4f : UARTMSP432E4.oem4f (.text:UARTMSP432E4_control)
                  00013670    00000090     slnetsock_release.a : slnetutils.oem4f (.text:createAddrInfo)
                  00013700    00000090     nettool_ipv4.aem4f : dhcpbild.oem4f (.text:dhcpBuildRequest)
                  00013790    00000090     os.aem4f : mem.oem4f (.text:mmInitPage)
                  00013820    00000090     sysbios.aem4f : BIOS.obj (.text:ti_sysbios_knl_Task_Module_startup__E)
                  000138b0    0000008e     nettool_ipv4.aem4f : dnscomn.oem4f (.text:DNSResolveQuery)
                  0001393e    00000002     --HOLE-- [fill = 0]
                  00013940    0000008c     stk.aem4f : ip.oem4f (.text:IPMsg)
                  000139cc    0000008c     p100.obj (.text:MPAbout)
                  00013a58    0000008c     msp432e4_driverlib.a : sysctl.o (.text:SysCtlPeripheralReset)
                  00013ae4    0000008c     sysbios.aem4f : m3_TaskSupport_asm.obj (.text:ti_sysbios_family_arm_m3_TaskSupport_buildTaskStack)
                  00013b70    0000008c                   : BIOS.obj (.text:xdc_runtime_Memory_alloc__E)
                  00013bfc    0000008a     netctrl_min_ipv4.aem4f : netsrv.oem4f (.text:SPRoute)
                  00013c86    00000002     --HOLE-- [fill = 0]
                  00013c88    00000088     callbacks.obj (.text:AddPayload)
                  00013d10    00000088     callbacks.obj (.text:AddTicker)
                  00013d98    00000088     netctrl_min_ipv4.aem4f : netsrv.oem4f (.text:ServiceSpawn)
                  00013e20    00000088     stk.aem4f : sockpcb.oem4f (.text:SockPcbCtlError)
                  00013ea8    00000088     drivers_msp432e4.aem4f : TimerMSP432E4.oem4f (.text:TimerMSP432E4_setPeriod)
                  00013f30    00000088                            : UARTMSP432E4.oem4f (.text:readIsrTextCallback)
                  00013fb8    00000086     stk.aem4f : sock.oem4f (.text:SockCheck)
                  0001403e    00000086     nettool_ipv4.aem4f : dhcpsm.oem4f (.text:StateRequesting)
                  000140c4    00000086     rtsv7M4_T_le_v4SPD16_eabi.lib : fd_cmp_t2.asm.obj (.text:__aeabi_cdcmple)
                  0001414a    00000086                                   : fd_cmp_t2.asm.obj (.text:__aeabi_cdrcmple)
                  000141d0    00000086     sysbios.aem4f : BIOS.obj (.text:xdc_runtime_Core_constructObject__I)
                  00014256    00000002     --HOLE-- [fill = 0]
                  00014258    00000084     nettool_ipv4.aem4f : config.oem4f (.text:CfgGetEntry)
                  000142dc    00000084     drivers_msp432e4.aem4f : EMACMSP432E4.oem4f (.text:EMACMSP432E4_hwiIntFxn)
                  00014360    00000084                            : EMACMSP432E4.oem4f (.text:EMACMSP432E4_processPendingTx)
                  000143e4    00000084                            : EMACMSP432E4.oem4f (.text:EMACMSP432E4_processPhyInterrupt)
                  00014468    00000084     stk.aem4f : raw.oem4f (.text:RawOutput)
                  000144ec    00000084     slnetsock_release.a : slnetutils.oem4f (.text:SlNetUtil_getHostByName)
                  00014570    00000084     stk.aem4f : sockpcb.oem4f (.text:SockCleanPcb)
                  000145f4    00000084               : tcpprot.oem4f (.text:TcpPrAttach)
                  00014678    00000084               : fileuser.oem4f (.text:fdClose)
                  000146fc    00000084     os.aem4f : mem.oem4f (.text:mmFree)
                  00014780    00000084     sysbios.aem4f : BIOS.obj (.text:ti_sysbios_family_arm_m3_Hwi_postInit__I)
                  00014804    00000004     dpl_msp432e4.aem4f : HwiP_tirtos.oem4f (.text:HwiP_enableInterrupt)
                  00014808    00000084     sysbios.aem4f : BIOS.obj (.text:ti_sysbios_heaps_HeapMem_free__E)
                  0001488c    00000082     nettool_ipv4.aem4f : dhcpsm.oem4f (.text:StateRenewRebind)
                  0001490e    00000002     --HOLE-- [fill = 0]
                  00014910    00000080     stk.aem4f : lli.oem4f (.text:LLINew)
                  00014990    00000080               : pbm.oem4f (.text:PBM_alloc)
                  00014a10    00000080     sysbios.aem4f : BIOS.obj (.text:ti_sysbios_knl_Clock_workFunc__E)
                  00014a90    0000007e     slnetifndk_msp432e4.aem4f : slnetifndk.oem4f (.text:SlNetIfNDK_getConnectionStatus)
                  00014b0e    0000007e     slnetsock_release.a : slnetutils.oem4f (.text:setAddrInfo)
                  00014b8c    0000007c     nettool_ipv4.aem4f : config.oem4f (.text:CfgGetNextEntry)
                  00014c08    0000007c     stk.aem4f : igmp.oem4f (.text:IGMPDoMCast)
                  00014c84    0000007c               : igmp.oem4f (.text:IGMPJoin)
                  00014d00    0000007c               : socket.oem4f (.text:NDK_getsockopt)
                  00014d7c    0000007c               : socket.oem4f (.text:NDK_setsockopt)
                  00014df8    0000007c     netctrl_min_ipv4.aem4f : netsrv.oem4f (.text:NS_BootTask)
                  00014e74    0000007c     stk.aem4f : pbm.oem4f (.text:PBM_free)
                  00014ef0    0000007c     rtsv7M4_T_le_v4SPD16_eabi.lib : fflush.c.obj (.text:fflush)
                  00014f6c    0000007c     os.aem4f : mem.oem4f (.text:mmBulkFree)
                  00014fe8    0000007c     drivers_msp432e4.aem4f : UARTMSP432E4.oem4f (.text:writeData)
                  00015064    0000007a     msp432e4_driverlib.a : ssi.o (.text:SSIConfigSetExpClk)
                  000150de    0000007a     stk.aem4f : sock.oem4f (.text:SockAccept)
                  00015158    0000007a     rtsv7M4_T_le_v4SPD16_eabi.lib : memset_t2.asm.obj (.text)
                  000151d2    00000078     stk.aem4f : socket.oem4f (.text:NDK_sendto)
                  0001524a    00000002     --HOLE-- [fill = 0]
                  0001524c    00000078               : nimu.oem4f (.text:NIMURegister)
                  000152c4    00000078               : tcptime.oem4f (.text:TcpXmitTimer)
                  0001533c    00000078               : fileuser.oem4f (.text:fdOpenSession)
                  000153b4    00000078     os.aem4f : os_ll.oem4f (.text:llExit)
                  0001542c    00000076     stk.aem4f : pipe.oem4f (.text:PipeSend)
                  000154a2    00000076     msp432e4_driverlib.a : uart.o (.text:UARTConfigSetExpClk)
                  00015518    00000075     stk.aem4f : tcptime.oem4f (.text:TcpTimeoutSackRexmt)
                  0001558d    00000003     --HOLE-- [fill = 0]
                  00015590    00000075     sysbios.aem4f : BIOS.obj (.text:xdc_runtime_System_formatNum__I)
                  00015605    00000003     --HOLE-- [fill = 0]
                  00015608    00000074     drivers_msp432e4.aem4f : EMACMSP432E4.oem4f (.text:EMACMSP432E4_processTransmitted)
                  0001567c    00000074     stk.aem4f : igmp.oem4f (.text:IGMPLeaveHostGroup)
                  000156f0    00000074               : socket.oem4f (.text:NDK_recvfrom)
                  00015764    00000074               : nimu.oem4f (.text:NIMUShutdown)
                  000157d8    00000074               : raweth.oem4f (.text:RawEthRxPacket)
                  0001584c    00000074     slnetsock_release.a : slnetsock.oem4f (.text:SlNetSock_AllocVirtualSocket)
                  000158c0    00000074     stk.aem4f : sockpcb.oem4f (.text:SockPcbConnect)
                  00015934    00000074     rtsv7M4_T_le_v4SPD16_eabi.lib : fclose.c.obj (.text:__TI_closefile)
                  000159a8    00000074     hal_timer.aem4f : lltimer.oem4f (.text:llTimerTick)
                  00015a1c    00000004     os.aem4f : oem.oem4f (.text:NDK_HwiP_disable)
                  00015a20    00000074     sysbios.aem4f : BIOS.obj (.text:xdc_runtime_Core_deleteObject__I)
                  00015a94    00000072     drivers_msp432e4.aem4f : TimerMSP432E4.oem4f (.text:TimerMSP432E4_start)
                  00015b06    00000070     stk.aem4f : socket.oem4f (.text:NDK_send)
                  00015b76    00000002     --HOLE-- [fill = 0]
                  00015b78    00000070               : rtable.oem4f (.text:RtFlush)
                  00015be8    00000070     netctrl_min_ipv4.aem4f : netsrv.oem4f (.text:SPConfig)
                  00015c58    00000070     stk.aem4f : sock.oem4f (.text:SockShutdown)
                  00015cc8    00000070     Infrastructure.obj (.text:TSKPayloadLowP1)
                  00015d38    00000070     nettool_ipv4.aem4f : dhcptags.oem4f (.text:dhcpDecodeType)
                  00015da8    00000070     slnetsock_release.a : netdb.oem4f (.text:getaddrinfo)
                  00015e18    00000070     callbacks.obj (.text:gpioButtonSW1Callback)
                  00015e88    00000070     callbacks.obj (.text:gpioButtonSW2Callback)
                  00015ef8    00000070     os.aem4f : mem.oem4f (.text:mmBulkAlloc)
                  00015f68    00000070     sysbios.aem4f : BIOS.obj (.text:ti_sysbios_family_arm_lm4_Seconds_getTime__E)
                  00015fd8    00000070                   : BIOS.obj (.text:ti_sysbios_heaps_HeapMem_initPrimary__I)
                  00016048    0000006e     stk.aem4f : socket.oem4f (.text:NDK_recv)
                  000160b6    00000002     --HOLE-- [fill = 0]
                  000160b8    0000006e               : rtable.oem4f (.text:RtWalkNext)
                  00016126    0000006e     rtsv7M4_T_le_v4SPD16_eabi.lib : _printfi.c.obj (.text:_mcpy)
                  00016194    0000006e     p100.obj (.text:getNextStr)
                  00016202    00000002     --HOLE-- [fill = 0]
                  00016204    0000006d     stk.aem4f : node.oem4f (.text:NodeNew)
                  00016271    00000003     --HOLE-- [fill = 0]
                  00016274    0000006c     os.aem4f : ossys.oem4f (.text:DbgPrintf)
                  000162e0    0000006c     msp432e4_driverlib.a : emac.o (.text:EMACPHYConfigSet)
                  0001634c    0000006c     rtsv7M4_T_le_v4SPD16_eabi.lib : hostrename.c.obj (.text:HOSTrename)
                  000163b8    0000006c     p100.obj (.text:MPNetUDP)
                  00016424    0000006c     stk.aem4f : node.oem4f (.text:NodeTreeNew)
                  00016490    0000006c               : pbm.oem4f (.text:PBM_open)
                  000164fc    0000006c     drivers_msp432e4.aem4f : PowerMSP432E4.oem4f (.text:Power_releaseDependency)
                  00016568    0000006c     stk.aem4f : raweth.oem4f (.text:RawEthTxPacket)
                  000165d4    0000006c     slnetsock_release.a : slnetutils.oem4f (.text:SlNetUtil_str2BinIpV4)
                  00016640    0000006c     hal_timer.aem4f : lltimer.oem4f (.text:llTimerGetTime)
                  000166ac    00000004     os.aem4f : NDK_SemaphoreP_tirtos.oem4f (.text:NDK_SemaphoreP_post)
                  000166b0    0000006c     sysbios.aem4f : BIOS.obj (.text:pthread_cancel)
                  0001671c    00000004     os.aem4f : ossys.oem4f (.text:NDK_vsprintf)
                  00016720    0000006c     sysbios.aem4f : BIOS.obj (.text:ti_sysbios_knl_Swi_restoreHwi__E)
                  0001678c    0000006a     stk.aem4f : socket.oem4f (.text:NDK_accept)
                  000167f6    0000006a               : tcpprot.oem4f (.text:TcpPrInherit)
                  00016860    00000068     drivers_msp432e4.aem4f : GPIOMSP432E4.oem4f (.text:GPIO_hwiIntFxn)
                  000168c8    00000068     rtsv7M4_T_le_v4SPD16_eabi.lib : hostlseek.c.obj (.text:HOSTlseek)
                  00016930    00000068     stk.aem4f : socket.oem4f (.text:NDK_socket)
                  00016998    00000068     drivers_msp432e4.aem4f : PowerMSP432E4.oem4f (.text:Power_setDependency)
                  00016a00    00000068     stk.aem4f : sock.oem4f (.text:SockListen)
                  00016a68    00000068               : sockpcb.oem4f (.text:SockPcbFindRaw)
                  00016ad0    00000068     drivers_msp432e4.aem4f : TimerMSP432E4.oem4f (.text:TimerMSP432E4_allocateTimerResource)
                  00016b38    00000068     p100.obj (.text:UARTWrite)
                  00016ba0    00000068     stk.aem4f : rtable.oem4f (.text:_RtNodeInsert)
                  00016c08    00000068     rtsv7M4_T_le_v4SPD16_eabi.lib : copy_decompress_lzss.c.obj (.text:decompress:lzss:__TI_decompress_lzss)
                  00016c70    00000068     sysbios.aem4f : BIOS.obj (.text:pthread_exit)
                  00016cd8    00000068     drivers_msp432e4.aem4f : UARTMSP432E4.oem4f (.text:readIsrBinaryBlocking)
                  00016d40    00000066     ti_ndk_config.obj (.text:configTcp)
                  00016da6    00000002     --HOLE-- [fill = 0]
                  00016da8    00000064     nettool_ipv4.aem4f : config.oem4f (.text:CfgFree)
                  00016e0c    00000064     stk.aem4f : file.oem4f (.text:FdWaitEvent)
                  00016e70    00000064               : pbm.oem4f (.text:PBMQ_enq)
                  00016ed4    00000064     drivers_msp432e4.aem4f : PowerMSP432E4.oem4f (.text:Power_init)
                  00016f38    00000064     slnetifndk_msp432e4.aem4f : slnetifndk.oem4f (.text:SlNetIfNDK_getHostByName)
                  00016f9c    00000064     stk.aem4f : sockint.oem4f (.text:SockSpawnAbort)
                  00017000    00000064               : tcpprot.oem4f (.text:TcpPrGetOption)
                  00017064    00000064               : udp.oem4f (.text:UdpChecksum)
                  000170c8    00000064     rtsv7M4_T_le_v4SPD16_eabi.lib : s_frexp.c.obj (.text:frexp)
                  0001712c    00000064                                   : fseek.c.obj (.text:fseek)
                  00017190    00000064     drivers_msp432e4.aem4f : UARTMSP432E4.oem4f (.text:readIsrBinaryCallback)
                  000171f4    00000004     stk.aem4f : node.oem4f (.text:NodeSetRt)
                  000171f8    00000064     sysbios.aem4f : BIOS.obj (.text:ti_sysbios_family_arm_lm4_Timer_Module_startup__E)
                  0001725c    00000004     stk.aem4f : rawethsock.oem4f (.text:RawEthSockGetCtx)
                  00017260    00000064     sysbios.aem4f : BIOS.obj (.text:ti_sysbios_family_arm_m3_Hwi_dispatchC__I)
                  000172c4    00000064     msp432e4_driverlib.a : udma.o (.text:uDMAChannelAttributeDisable)
                  00017328    00000064     stk.aem4f : lliin.oem4f (.text:updateRtTable)
                  0001738c    00000062               : ipin.oem4f (.text:IPRouteIP)
                  000173ee    00000002     --HOLE-- [fill = 0]
                  000173f0    00000062               : sb.oem4f (.text:SBNew)
                  00017452    00000062     rtsv7M4_T_le_v4SPD16_eabi.lib : _io_perm.c.obj (.text:__TI_wrt_ok)
                  000174b4    00000060     nettool_ipv4.aem4f : config.oem4f (.text:CfgGetEntryCnt)
                  00017514    00000060     msp432e4_driverlib.a : emac.o (.text:EMACConfigGet)
                  00017574    00000060                          : emac.o (.text:EMACIntDisable)
                  000175d4    00000060     rtsv7M4_T_le_v4SPD16_eabi.lib : hostopen.c.obj (.text:HOSTopen)
                  00017634    00000060     stk.aem4f : socket.oem4f (.text:NDK_getpeername)
                  00017694    00000060               : socket.oem4f (.text:NDK_getsockname)
                  000176f4    00000060               : socket.oem4f (.text:NDK_shutdown)
                  00017754    00000060               : nimu.oem4f (.text:NIMUUnregister)
                  000177b4    00000060               : node.oem4f (.text:NodeFind)
                  00017814    00000060               : rtc.oem4f (.text:RTCMsg)
                  00017874    00000060     slnetsock_release.a : slnetsock.oem4f (.text:SlNetSock_recvFrom)
                  000178d4    00000060                         : slnetsock.oem4f (.text:SlNetSock_sendTo)
                  00017934    00000060     Infrastructure.obj (.text:TSKUART7Read)
                  00017994    00000060     os.aem4f : task.oem4f (.text:TaskCreate)
                  000179f4    00000060     nettool_ipv4.aem4f : dhcptags.oem4f (.text:dhcpBuildOptions)
                  00017a54    00000004     stk.aem4f : rawethsock_prot.oem4f (.text:RawEthSockPrAttach)
                  00017a58    00000060     sysbios.aem4f : BIOS.obj (.text:ti_sysbios_knl_Semaphore_post__E)
                  00017ab8    00000060                   : BIOS.obj (.text:ti_sysbios_knl_Swi_run__I)
                  00017b18    0000005e     msp432e4_driverlib.a : emac.o (.text:EMACIntEnable)
                  00017b76    0000005e     stk.aem4f : route.oem4f (.text:RtRemove)
                  00017bd4    0000005e     nettool_ipv4.aem4f : dhcpsm.oem4f (.text:StateSelecting)
                  00017c32    0000005e     stk.aem4f : vlan.oem4f (.text:VLANReceivePacket)
                  00017c90    0000005c     callbacks.obj (.text:AddCallback)
                  00017cec    0000005c     nettool_ipv4.aem4f : config.oem4f (.text:CfgSetExecuteOrder)
                  00017d48    0000005c     msp432e4_driverlib.a : emac.o (.text:EMACAddrSet)
                  00017da4    0000005c                          : emac.o (.text:EMACIntStatus)
                  00017e00    0000005c                          : gpio.o (.text:GPIODirModeSet)
                  00017e5c    0000005c     stk.aem4f : nimu.oem4f (.text:NIMUIoctlSpecialCmd)
                  00017eb8    0000005c     netctrl_min_ipv4.aem4f : netsrv.oem4f (.text:SPService)
                  00017f14    0000005c     rtsv7M4_T_le_v4SPD16_eabi.lib : close.c.obj (.text:close)
                  00017f70    0000005c     drivers_msp432e4.aem4f : TimerMSP432E4.oem4f (.text:getPowerMgrId)
                  00017fcc    0000005c                            : UARTMSP432E4.oem4f (.text:getPowerResourceId)
                  00018028    0000005c     sysbios.aem4f : BIOS.obj (.text:ti_sysbios_knl_Swi_schedule__I)
                  00018084    00000004     stk.aem4f : rawethsock_prot.oem4f (.text:RawEthSockPrDetach)
                  00018088    0000005c     sysbios.aem4f : BIOS.obj (.text:ti_sysbios_knl_Task_startCore__E)
                  000180e4    00000004     drivers_msp432e4.aem4f : SPIMSP432E4DMA.oem4f (.text:SPIMSP432E4DMA_init)
                  000180e8    0000005c     sysbios.aem4f : BIOS.obj (.text:xdc_runtime_Startup_exec__E)
                  00018144    0000005a     stk.aem4f : rawethsock.oem4f (.text:RawEthSockCheck)
                  0001819e    0000005a               : route.oem4f (.text:RtRedirect)
                  000181f8    0000005a               : tcpprot.oem4f (.text:TcpValidateMetrics)
                  00018252    0000005a     nettool_ipv4.aem4f : dhcpbild.oem4f (.text:dhcpBuildDecline)
                  000182ac    00000058     stk.aem4f : bind.oem4f (.text:BindFree)
                  00018304    00000058     msp432e4_driverlib.a : emac.o (.text:EMACIntClear)
                  0001835c    00000058     drivers_msp432e4.aem4f : GPIOMSP432E4.oem4f (.text:GPIO_setCallback)
                  000183b4    00000058     rtsv7M4_T_le_v4SPD16_eabi.lib : hostread.c.obj (.text:HOSTread)
                  0001840c    00000058                                   : hostwrite.c.obj (.text:HOSTwrite)
                  00018464    00000058     stk.aem4f : igmp.oem4f (.text:IGMPTimer)
                  000184bc    00000058               : tcp.oem4f (.text:TcpChecksum)
                  00018514    00000058     drivers_msp432e4.aem4f : UDMAMSP432E4.oem4f (.text:UDMAMSP432E4_open)
                  0001856c    00000058     boot.aem4f : boot.oem4f (.text)
                  000185c4    00000058     sysbios.aem4f : m3_Hwi_asm_switch.obj (.text:ti_sysbios_family_arm_m3_Hwi_initStacks__E)
                  0001861c    00000056     rtsv7M4_T_le_v4SPD16_eabi.lib : _printfi.c.obj (.text:_pconv_f)
                  00018672    00000056     drivers_msp432e4.aem4f : SPIMSP432E4DMA.oem4f (.text:initHw)
                  000186c8    00000054     nettool_ipv4.aem4f : config.oem4f (.text:CfgEntryDeRef)
                  0001871c    00000054     drivers_msp432e4.aem4f : GPIOMSP432E4.oem4f (.text:GPIO_write)
                  00018770    00000054     stk.aem4f : rawethsock_pcb.oem4f (.text:RawEthSockPcbAttach)
                  000187c4    00000054               : tcptime.oem4f (.text:TcpTimeoutPersist)
                  00018818    00000054     rtsv7M4_T_le_v4SPD16_eabi.lib : _ltoa.c.obj (.text:__TI_ltoa)
                  0001886c    00000004     os.aem4f : semaphore.oem4f (.text:SemReset)
                  00018870    00000054     sysbios.aem4f : BIOS.obj (.text:ti_sysbios_family_arm_lm4_Timer_initDevice__I)
                  000188c4    00000054     release_pem4f.oem4f (.text:ti_sysbios_family_arm_m3_Hwi_create)
                  00018918    00000054     sysbios.aem4f : BIOS.obj (.text:timer_gettime)
                  0001896c    00000052     nettool_ipv4.aem4f : dnscomn.oem4f (.text:DNSReplyFree)
                  000189be    00000052     stk.aem4f : igmp.oem4f (.text:IGMPLeave)
                  00018a10    00000052               : socket.oem4f (.text:NDK_bind)
                  00018a62    00000052               : tcpprot.oem4f (.text:TcpPrDetach)
                  00018ab4    00000052     rtsv7M4_T_le_v4SPD16_eabi.lib : _printfi.c.obj (.text:_ecpy)
                  00018b06    00000002     --HOLE-- [fill = 0]
                  00018b08    00000050     msp432e4_driverlib.a : emac.o (.text:EMACConfigSet)
                  00018b58    00000050     drivers_msp432e4.aem4f : GPIOMSP432E4.oem4f (.text:GPIO_toggle)
                  00018ba8    00000050     stk.aem4f : socket.oem4f (.text:NDK_connect)
                  00018bf8    00000050               : route.oem4f (.text:RtNew)
                  00018c48    00000050     slnetsock_release.a : slnetif.oem4f (.text:SlNetIf_queryIf)
                  00018c98    00000050     drivers_msp432e4.aem4f : UARTMSP432E4.oem4f (.text:UARTMSP432E4_hwiIntFxn)
                  00018ce8    00000050     sysbios.aem4f : BIOS.obj (.text:ti_sysbios_family_arm_m3_Hwi_Module_startup__E)
                  00018d38    00000050                   : BIOS.obj (.text:ti_sysbios_knl_Clock_Instance_init__E)
                  00018d88    00000050     release_pem4f.oem4f (.text:ti_sysbios_knl_Task_create)
                  00018dd8    0000004e     msp432e4_driverlib.a : emac.o (.text:EMACPHYWrite)
                  00018e26    0000004e     p100.obj (.text:MPgetNextStr)
                  00018e74    0000004e     stk.aem4f : node.oem4f (.text:NodeDeRef)
                  00018ec2    0000004e     drivers_msp432e4.aem4f : TimerMSP432E4.oem4f (.text:TimerMSP432E4_stop)
                  00018f10    0000004e     stk.aem4f : file.oem4f (.text:fdint_lockfd)
                  00018f5e    0000004e     drivers_msp432e4.aem4f : TimerMSP432E4.oem4f (.text:initHw)
                  00018fac    0000004e     os.aem4f : mem.oem4f (.text:mmCopy)
                  00018ffa    0000004c     msp432e4_driverlib.a : emac.o (.text:EMACPHYRead)
                  00019046    00000002     --HOLE-- [fill = 0]
                  00019048    0000004c     p100.obj (.text:MPUart)
                  00019094    0000004c     nettool_ipv4.aem4f : ipaddr.oem4f (.text:NtAddNetwork)
                  000190e0    0000004c     slnetsock_release.a : slnetsock.oem4f (.text:SlNetSock_freeVirtualSocket)
                  0001912c    0000004c     stk.aem4f : sockint.oem4f (.text:SockValidateRoute)
                  00019178    0000004c               : timer.oem4f (.text:TimerListInsert)
                  000191c4    0000004c     drivers_msp432e4.aem4f : TimerMSP432E4.oem4f (.text:TimerMSP432E4_freeTimerResource)
                  00019210    0000004c                            : UARTMSP432E4.oem4f (.text:UARTMSP432E4_writePolling)
                  0001925c    0000004c     rtsv7M4_T_le_v4SPD16_eabi.lib : fflush.c.obj (.text:__TI_doflush)
                  000192a8    0000004c                                   : atoi.c.obj (.text:atoi)
                  000192f4    0000004c                                   : cpy_tbl.c.obj (.text:copy_in)
                  00019340    0000004c     os.aem4f : mem.oem4f (.text:mmZeroInit)
                  0001938c    0000004c     drivers_msp432e4.aem4f : UARTMSP432E4.oem4f (.text:ringBufGet)
                  000193d8    0000004c     ti_ndk_config.obj (.text:ti_ndk_config_ip_init)
                  00019424    00000004     dpl_msp432e4.aem4f : SemaphoreP_tirtos.oem4f (.text:SemaphoreP_post)
                  00019428    0000004c     sysbios.aem4f : BIOS.obj (.text:ti_sysbios_heaps_HeapMem_getStats__E)
                  00019474    00000004     slnetsock_release.a : slnetif.oem4f (.text:SlNetIf_init)
                  00019478    0000004c     sysbios.aem4f : BIOS.obj (.text:ti_sysbios_knl_Swi_runLoop__I)
                  000194c4    00000004     slnetsock_release.a : slnetutils.oem4f (.text:SlNetUtil_init)
                  000194c8    0000004c     sysbios.aem4f : BIOS.obj (.text:ti_sysbios_knl_Task_allBlockedFunction__I)
                  00019514    00000004     stk.aem4f : sock.oem4f (.text:SockGetCtx)
                  00019518    0000004c     sysbios.aem4f : BIOS.obj (.text:ti_sysbios_knl_Task_schedule__I)
                  00019564    0000004c     msp432e4_driverlib.a : udma.o (.text:uDMAChannelAssign)
                  000195b0    0000004c                          : udma.o (.text:uDMAChannelModeGet)
                  000195fc    0000004a     netctrl_min_ipv4.aem4f : netsrv.oem4f (.text:ServiceKill)
                  00019646    0000004a     stk.aem4f : sock.oem4f (.text:SockDisconnect)
                  00019690    0000004a               : timer.oem4f (.text:TimerNew)
                  000196da    0000004a     nettool_ipv4.aem4f : config.oem4f (.text:_CfgEntryScan)
                  00019724    00000048                        : config.oem4f (.text:CfgNew)
                  0001976c    00000048     stk.aem4f : lli.oem4f (.text:LLIMsg)
                  000197b4    00000048               : node.oem4f (.text:NodeWalk)
                  000197fc    00000048               : rawethsock_pcb.oem4f (.text:RawEthSockPcbDetach)
                  00019844    00000048     slnetsock_release.a : slnetsock.oem4f (.text:SlNetSock_init)
                  0001988c    00000048     stk.aem4f : sockpcb.oem4f (.text:SockPcbResolveChain)
                  000198d4    00000048               : tcpprot.oem4f (.text:TcpDrop)
                  0001991c    00000048     drivers_msp432e4.aem4f : UARTMSP432E4.oem4f (.text:UARTMSP432E4_writeCancel)
                  00019964    00000048     stk.aem4f : lli.oem4f (.text:_LLIExpListInsert)
                  000199ac    00000048               : rtable.oem4f (.text:_RtExpListInsert)
                  000199f4    00000048     rtsv7M4_T_le_v4SPD16_eabi.lib : fd_toi_t2.asm.obj (.text)
                  00019a3c    00000048     ti_ndk_config.obj (.text:ti_ndk_config_Global_startupFxn)
                  00019a84    00000004     os.aem4f : task.oem4f (.text:TaskSelf)
                  00019a88    00000048     sysbios.aem4f : BIOS.obj (.text:ti_sysbios_family_arm_lm4_Timer_enableTimers__I)
                  00019ad0    00000048                   : BIOS.obj (.text:ti_sysbios_family_arm_m3_Hwi_disableInterrupt__E)
                  00019b18    00000048                   : BIOS.obj (.text:ti_sysbios_family_arm_m3_Hwi_enableInterrupt__E)
                  00019b60    00000048                   : BIOS.obj (.text:ti_sysbios_knl_Mailbox_Module_startup__E)
                  00019ba8    00000048                   : BIOS.obj (.text:ti_sysbios_knl_Task_deleteTerminatedTasksFunc__I)
                  00019bf0    00000048                   : BIOS.obj (.text:xdc_runtime_Core_assignParams__I)
                  00019c38    00000046     nettool_ipv4.aem4f : ipaddr.oem4f (.text:NtIfIdx2Ip)
                  00019c7e    00000046     stk.aem4f : rawethsock.oem4f (.text:RawEthSockSend)
                  00019cc4    00000046     drivers_msp432e4.aem4f : RingBuf.oem4f (.text:RingBuf_put)
                  00019d0a    00000002     --HOLE-- [fill = 0]
                  00019d0c    00000046     os.aem4f : semaphore.oem4f (.text:SemCreateBinary)
                  00019d52    00000046     stk.aem4f : tcpprot.oem4f (.text:TcpPrCtlError)
                  00019d98    00000046     drivers_msp432e4.aem4f : TimerMSP432E4.oem4f (.text:getPrescaler)
                  00019dde    00000044     nettool_ipv4.aem4f : dnspkt.oem4f (.text:DNSBuildRequest)
                  00019e22    00000002     --HOLE-- [fill = 0]
                  00019e24    00000044     msp432e4_driverlib.a : gpio.o (.text:GPIOPinConfigure)
                  00019e68    00000044     rtsv7M4_T_le_v4SPD16_eabi.lib : hostclose.c.obj (.text:HOSTclose)
                  00019eac    00000044                                   : hostunlink.c.obj (.text:HOSTunlink)
                  00019ef0    00000044     stk.aem4f : icmp.oem4f (.text:ICMPChecksum)
                  00019f34    00000044               : ipfrag.oem4f (.text:IPReasmFree)
                  00019f78    00000044               : lli.oem4f (.text:LLIGetValidTime)
                  00019fbc    00000044               : rtable.oem4f (.text:RouteMsg)
                  0001a000    00000044               : rtable.oem4f (.text:RtWalkEnd)
                  0001a044    00000044     drivers_msp432e4.aem4f : SPI.oem4f (.text:SPI_init)
                  0001a088    00000044     slnetsock_release.a : slnetutils.oem4f (.text:SlNetUtil_strTok)
                  0001a0cc    00000044     stk.aem4f : sock.oem4f (.text:SockIntAbort)
                  0001a110    00000044               : sockpcb.oem4f (.text:SockPcbDetach)
                  0001a154    00000044     msp432e4_driverlib.a : sysctl.o (.text:SysCtlPeripheralPresent)
                  0001a198    00000044                          : sysctl.o (.text:SysCtlPeripheralReady)
                  0001a1dc    00000044     drivers_msp432e4.aem4f : Timer.oem4f (.text:Timer_init)
                  0001a220    00000044                            : UART.oem4f (.text:UART_init)
                  0001a264    00000044     rtsv7M4_T_le_v4SPD16_eabi.lib : getdevice.c.obj (.text:getdevice)
                  0001a2a8    00000044                                   : fd_tou_t2.asm.obj (.text)
                  0001a2ec    00000044     ti_net_config.obj (.text:ti_net_SlNet_initConfig)
                  0001a330    00000044     sysbios.aem4f : BIOS.obj (.text:ti_sysbios_family_arm_lm4_Timer_isrStub__E)
                  0001a374    00000004     os.aem4f : task.oem4f (.text:TaskSetPri)
                  0001a378    00000044     sysbios.aem4f : BIOS.obj (.text:ti_sysbios_family_arm_m3_Hwi_getStackInfo__E)
                  0001a3bc    00000004     hal_ser_stub.aem4f : llserstb.oem4f (.text:_llSerialInit)
                  0001a3c0    00000044     sysbios.aem4f : BIOS.obj (.text:ti_sysbios_knl_Mailbox_postInit__I)
                  0001a404    00000004     rtsv7M4_T_le_v4SPD16_eabi.lib : exit.c.obj (.text:abort:abort)
                  0001a408    00000044     sysbios.aem4f : BIOS.obj (.text:ti_sysbios_knl_Swi_post__E)
                  0001a44c    00000004     stk.aem4f : listlib.oem4f (.text:list_get_head)
                  0001a450    00000044     sysbios.aem4f : BIOS.obj (.text:xdc_runtime_System_atexit__E)
                  0001a494    00000042     stk.aem4f : socket.oem4f (.text:NDK_listen)
                  0001a4d6    00000042               : rawethsock.oem4f (.text:RawEthSockShutdown)
                  0001a518    00000042               : tcpprot.oem4f (.text:TcpPrSendOOB)
                  0001a55a    00000042               : fileuser.oem4f (.text:fdCloseSession)
                  0001a59c    00000040     dpl_msp432e4.aem4f : ClockP_tirtos.oem4f (.text:ClockP_create)
                  0001a5dc    00000040                        : HwiP_tirtos.oem4f (.text:HwiP_create)
                  0001a61c    00000040     stk.aem4f : lliin.oem4f (.text:LLIValidateRoute)
                  0001a65c    00000040               : pbm.oem4f (.text:PBM_copy)
                  0001a69c    00000040     drivers_msp432e4.aem4f : RingBuf.oem4f (.text:RingBuf_get)
                  0001a6dc    00000040                            : SPI.oem4f (.text:SPI_open)
                  0001a71c    00000040     os.aem4f : semaphore.oem4f (.text:SemCreate)
                  0001a75c    00000040     slnetsock_release.a : slnetsock.oem4f (.text:SlNetSock_bind)
                  0001a79c    00000040     stk.aem4f : sockpcb.oem4f (.text:SockPcbRtChange)
                  0001a7dc    00000040     msp432e4_driverlib.a : sysctl.o (.text:SysCtlPeripheralDisable)
                  0001a81c    00000040                          : sysctl.o (.text:SysCtlPeripheralEnable)
                  0001a85c    00000040                          : sysctl.o (.text:SysCtlPeripheralPowerOff)
                  0001a89c    00000040                          : sysctl.o (.text:SysCtlPeripheralPowerOn)
                  0001a8dc    00000040                          : sysctl.o (.text:SysCtlPeripheralSleepDisable)
                  0001a91c    00000040                          : sysctl.o (.text:SysCtlPeripheralSleepEnable)
                  0001a95c    00000040     stk.aem4f : tcpprot.oem4f (.text:TcpPrSend)
                  0001a99c    00000040     drivers_msp432e4.aem4f : Timer.oem4f (.text:Timer_open)
                  0001a9dc    00000040                            : UARTMSP432E4.oem4f (.text:UARTMSP432E4_read)
                  0001aa1c    00000040                            : UART.oem4f (.text:UART_open)
                  0001aa5c    00000040                            : UDMAMSP432E4.oem4f (.text:UDMAMSP432E4_init)
                  0001aa9c    00000040                            : SPIMSP432E4DMA.oem4f (.text:getPeripheralResetId)
                  0001aadc    00000040     rtsv7M4_T_le_v4SPD16_eabi.lib : u_divt2.asm.obj (.text)
                  0001ab1c    00000040                                   : sprintf.c.obj (.text:sprintf)
                  0001ab5c    00000004     stk.aem4f : listlib.oem4f (.text:list_get_next)
                  0001ab60    00000040     sysbios.aem4f : BIOS.obj (.text:ti_sysbios_family_arm_lm4_Timer_startup__E)
                  0001aba0    00000040                   : BIOS.obj (.text:ti_sysbios_heaps_HeapMem_Instance_init__E)
                  0001abe0    00000040     msp432e4_driverlib.a : udma.o (.text:uDMAInit)
                  0001ac20    0000003e     nettool_ipv4.aem4f : dhcpmain.oem4f (.text:DHCPClose)
                  0001ac5e    00000002     --HOLE-- [fill = 0]
                  0001ac60    0000003e     stk.aem4f : nimu.oem4f (.text:NIMUAllocateName)
                  0001ac9e    0000003e     slnetsock_release.a : slnetsock.oem4f (.text:SlNetSock_close)
                  0001acdc    0000003e     stk.aem4f : tcpprot.oem4f (.text:TcpPrDisconnect)
                  0001ad1a    0000003e     rtsv7M4_T_le_v4SPD16_eabi.lib : _printfi.c.obj (.text:_fcpy)
                  0001ad58    0000003e     stk.aem4f : file.oem4f (.text:fdint_unlockfd)
                  0001ad96    0000003c     nettool_ipv4.aem4f : config.oem4f (.text:CfgEntryGetData)
                  0001add2    00000002     --HOLE-- [fill = 0]
                  0001add4    0000003c     stk.aem4f : exec.oem4f (.text:ExecClose)
                  0001ae10    0000003c               : node.oem4f (.text:NodeUpdatePL)
                  0001ae4c    0000003c               : rtable.oem4f (.text:RtWalkBegin)
                  0001ae88    0000003c     dpl_msp432e4.aem4f : SemaphoreP_tirtos.oem4f (.text:SemaphoreP_create)
                  0001aec4    0000003c     stk.aem4f : tcpprot.oem4f (.text:TcpPrConnect)
                  0001af00    0000003c               : tcptime.oem4f (.text:TcpSetPersist)
                  0001af3c    0000003c               : rtc.oem4f (.text:_RTCSendRtAdv)
                  0001af78    0000003c               : rtable.oem4f (.text:_RtNodeRemove)
                  0001afb4    0000003c     hal_timer.aem4f : lltimer.oem4f (.text:_llTimerInit)
                  0001aff0    0000003c     sysbios.aem4f : BIOS.obj (.text:ti_sysbios_family_arm_m3_Hwi_Instance_finalize__E)
                  0001b02c    0000003c     release_pem4f.oem4f (.text:ti_sysbios_knl_Clock_create)
                  0001b068    0000003c     sysbios.aem4f : BIOS.obj (.text:ti_sysbios_knl_Swi_restore__E)
                  0001b0a4    00000004     release_pem4f.oem4f (.text:ti_sysbios_BIOS_RtsGateProxy_enter__E)
                  0001b0a8    0000003c     sysbios.aem4f : BIOS.obj (.text:timer_delete)
                  0001b0e4    0000003c     msp432e4_driverlib.a : udma.o (.text:uDMAChannelControlSet)
                  0001b120    0000003c     sysbios.aem4f : BIOS.obj (.text:xdc_runtime_System_processAtExit__E)
                  0001b15c    0000003a     stk.aem4f : ip.oem4f (.text:IPChecksum)
                  0001b196    00000002     --HOLE-- [fill = 0]
                  0001b198    00000038               : ipfrag.oem4f (.text:IPReasmTimeout)
                  0001b1d0    00000038               : node.oem4f (.text:NodeGetRt)
                  0001b208    00000038               : sb.oem4f (.text:SBSetMax)
                  0001b240    00000038     slnetsock_release.a : slnetif.oem4f (.text:SlNetIf_configCheck)
                  0001b278    00000038                         : slnetutils.oem4f (.text:SlNetUtil_htonl)
                  0001b2b0    00000038     stk.aem4f : tcpprot.oem4f (.text:TcpClose)
                  0001b2e8    00000038               : timer.oem4f (.text:TimerHSTick)
                  0001b320    00000038     drivers_msp432e4.aem4f : TimerMSP432E4.oem4f (.text:TimerMSP432E4_hwiIntFunction)
                  0001b358    00000038     rtsv7M4_T_le_v4SPD16_eabi.lib : trgmsg.c.obj (.text:__TI_writemsg)
                  0001b390    00000038     nettool_ipv4.aem4f : dhcptags.oem4f (.text:dhcpOptionsClear)
                  0001b3c8    00000038     stk.aem4f : file.oem4f (.text:fdint_waitevent)
                  0001b400    00000038     rtsv7M4_T_le_v4SPD16_eabi.lib : fs_tod_t2.asm.obj (.text)
                  0001b438    00000038     sysbios.aem4f : BIOS.obj (.text:ti_sysbios_knl_Task_processVitalTaskFlag__I)
                  0001b470    00000036     p100.obj (.text:MatchString)
                  0001b4a6    00000036     msp432e4_driverlib.a : timer.o (.text:TimerControlStall)
                  0001b4dc    00000036     drivers_msp432e4.aem4f : UARTMSP432E4.oem4f (.text:UARTMSP432E4_readCancel)
                  0001b512    00000036     rtsv7M4_T_le_v4SPD16_eabi.lib : strncpy.c.obj (.text:strncpy)
                  0001b548    00000034     nettool_ipv4.aem4f : config.oem4f (.text:CfgSetService)
                  0001b57c    00000034     drivers_msp432e4.aem4f : EMACMSP432E4.oem4f (.text:EMACMSP432E4_emacPoll)
                  0001b5b0    00000034     stk.aem4f : nimu.oem4f (.text:NIMUFindByName)
                  0001b5e4    00000034               : rawethsock.oem4f (.text:RawEthSockClose)
                  0001b618    00000034               : rawethsock.oem4f (.text:RawEthSockNotify)
                  0001b64c    00000034     slnetsock_release.a : slnetutils.oem4f (.text:SlNetUtil_htons)
                  0001b680    00000034     stk.aem4f : sockprot.oem4f (.text:SockPrCtlError)
                  0001b6b4    00000034     drivers_msp432e4.aem4f : TimerMSP432E4.oem4f (.text:TimerMSP432E4_close)
                  0001b6e8    00000034     p100.obj (.text:UARTWriteProtected)
                  0001b71c    00000034     rtsv7M4_T_le_v4SPD16_eabi.lib : fopen.c.obj (.text:__TI_cleanup)
                  0001b750    00000034                                   : trgmsg.c.obj (.text:__TI_readmsg)
                  0001b784    00000004     release_pem4f.oem4f (.text:ti_sysbios_BIOS_RtsGateProxy_leave__E)
                  0001b788    00000034     sysbios.aem4f : BIOS.obj (.text:_pthread_delete$43)
                  0001b7bc    00000034     slnetifndk_msp432e4.aem4f : slnetifndk.oem4f (.text:addSktToTable)
                  0001b7f0    00000034     nettool_ipv4.aem4f : dhcpbild.oem4f (.text:dhcpBuildDiscover)
                  0001b824    00000034     drivers_msp432e4.aem4f : SPIMSP432E4DMA.oem4f (.text:getPowerMgrId)
                  0001b858    00000034     os.aem4f : mem.oem4f (.text:mmUnInitPage)
                  0001b88c    00000034              : ossys.oem4f (.text:stricmp)
                  0001b8c0    00000034     rtsv7M4_T_le_v4SPD16_eabi.lib : strstr.c.obj (.text:strstr)
                  0001b8f4    00000034     release_pem4f.oem4f (.text:ti_sysbios_knl_Semaphore_create)
                  0001b928    00000032     nettool_ipv4.aem4f : config.oem4f (.text:CfgGetImmediate)
                  0001b95a    00000032     stk.aem4f : pipe.oem4f (.text:PipeCheck)
                  0001b98c    00000032               : route.oem4f (.text:RtDeRef)
                  0001b9be    00000032               : route.oem4f (.text:RtSetFailure)
                  0001b9f0    00000032               : sb.oem4f (.text:SBFlush)
                  0001ba22    00000032     nettool_ipv4.aem4f : config.oem4f (.text:_CfgAcquire)
                  0001ba54    00000032                        : dhcpsm.oem4f (.text:dhcpIPRemove)
                  0001ba86    00000002     --HOLE-- [fill = 0]
                  0001ba88    00000032     sysbios.aem4f : BIOS.obj (.text:ti_sysbios_hal_Hwi_initStack)
                  0001baba    00000006     msp432e4_driverlib.a : sysctl.o (.text:SysCtlDelay)
                  0001bac0    00000032     sysbios.aem4f : BIOS.obj (.text:xdc_runtime_System_putchar__I)
                  0001baf2    00000002     --HOLE-- [fill = 0]
                  0001baf4    00000030     ti_drivers_config.obj (.text:Board_init)
                  0001bb24    00000030     drivers_msp432e4.aem4f : EMACMSP432E4.oem4f (.text:EMACMSP432E4_isLinkUp)
                  0001bb54    00000030                            : GPIOMSP432E4.oem4f (.text:GPIOMSP432E4_undoPinConfig)
                  0001bb84    00000030                            : GPIOMSP432E4.oem4f (.text:GPIO_enableInt)
                  0001bbb4    00000030                            : GPIOMSP432E4.oem4f (.text:GPIO_read)
                  0001bbe4    00000030     netctrl_min_ipv4.aem4f : netsrv.oem4f (.text:NS_PreBoot)
                  0001bc14    00000030     slnetsock_release.a : slnetif.oem4f (.text:SlNetIf_getIDByName)
                  0001bc44    00000030                         : slnetutils.oem4f (.text:SlNetUtil_gaiStrErr)
                  0001bc74    00000030     stk.aem4f : sock.oem4f (.text:SockBind)
                  0001bca4    00000030               : sock.oem4f (.text:SockGetName)
                  0001bcd4    00000030               : sockpcb.oem4f (.text:SockPcbAttach)
                  0001bd04    00000030     p100.obj (.text:UARTAddByte)
                  0001bd34    00000030     msp432e4_driverlib.a : uart.o (.text:UARTDisable)
                  0001bd64    00000030     nettool_ipv4.aem4f : dhcpsock.oem4f (.text:dhcpPacketSend)
                  0001bd94    00000030     stk.aem4f : file.oem4f (.text:fdint_setevent)
                  0001bdc4    00000030     rtsv7M4_T_le_v4SPD16_eabi.lib : getdevice.c.obj (.text:finddevice)
                  0001bdf4    00000030     stk.aem4f : listlib.oem4f (.text:list_remove_node)
                  0001be24    00000030     release_pem4f.oem4f (.text:ti_sysbios_BIOS_atExitFunc__I)
                  0001be54    00000030     release_pem4f.oem4f (.text:ti_sysbios_BIOS_startFunc__I)
                  0001be84    00000004     sysbios.aem4f : BIOS.obj (.text:ti_sysbios_family_arm_lm4_Timer_masterEnable__I)
                  0001be88    00000030                   : BIOS.obj (.text:ti_sysbios_family_arm_lm4_Timer_stop__E)
                  0001beb8    00000030                   : BIOS.obj (.text:ti_sysbios_family_arm_m3_TaskSupport_start__E)
                  0001bee8    00000030     release_pem4f.oem4f (.text:ti_sysbios_gates_GateHwi_Object__create__S)
                  0001bf18    00000030     release_pem4f.oem4f (.text:ti_sysbios_gates_GateMutex_Object__create__S)
                  0001bf48    00000030     sysbios.aem4f : BIOS.obj (.text:ti_sysbios_gates_GateMutex_enter__E)
                  0001bf78    00000030     release_pem4f.oem4f (.text:ti_sysbios_heaps_HeapMem_Object__create__S)
                  0001bfa8    00000030     release_pem4f.oem4f (.text:ti_sysbios_knl_Clock_construct)
                  0001bfd8    00000030     release_pem4f.oem4f (.text:ti_sysbios_knl_Semaphore_construct)
                  0001c008    00000030     sysbios.aem4f : BIOS.obj (.text:ti_sysbios_knl_Semaphore_pendTimeout__I)
                  0001c038    00000030                   : BIOS.obj (.text:ti_sysbios_knl_Task_restore__E)
                  0001c068    00000030                   : BIOS.obj (.text:ti_sysbios_knl_Task_unblockI__E)
                  0001c098    0000002e     drivers_msp432e4.aem4f : EMACMSP432E4.oem4f (.text:EMACMSP432E4_emacioctl)
                  0001c0c6    0000002e     stk.aem4f : sb.oem4f (.text:SBFree)
                  0001c0f4    0000002e     rtsv7M4_T_le_v4SPD16_eabi.lib : i_tofd_t2.asm.obj (.text)
                  0001c122    0000002e     release_pem4f.oem4f (.text:ti_sysbios_rts_MemAlloc_alloc)
                  0001c150    0000002c     stk.aem4f : file.oem4f (.text:FdSignalEvent)
                  0001c17c    0000002c               : igmp.oem4f (.text:IGMPTestGroup)
                  0001c1a8    0000002c     os.aem4f : NDK_SemaphoreP_tirtos.oem4f (.text:NDK_SemaphoreP_createBinary)
                  0001c1d4    0000002c     stk.aem4f : nimu.oem4f (.text:NIMUPacketServiceCheck)
                  0001c200    0000002c               : pipe.oem4f (.text:PipeClose)
                  0001c22c    0000002c     dpl_msp432e4.aem4f : SemaphoreP_tirtos.oem4f (.text:SemaphoreP_createBinary)
                  0001c258    0000002c     msp432e4_driverlib.a : sysctl.o (.text:SysCtlPeripheralClockGating)
                  0001c284    0000002c     stk.aem4f : lli.oem4f (.text:_LLIExpListRemove)
                  0001c2b0    0000002c               : lli.oem4f (.text:_LLITimeoutFlush)
                  0001c2dc    0000002c               : rtable.oem4f (.text:_RtExpListRemove)
                  0001c308    0000002c     sysbios.aem4f : BIOS.obj (.text:_pthread_cleanupFxn)
                  0001c334    00000004     release_pem4f.oem4f (.text:ti_sysbios_family_arm_m3_Hwi_delete)
                  0001c338    0000002c     sysbios.aem4f : BIOS.obj (.text:clockFxn$41)
                  0001c364    0000002c     slnetsock_release.a : slnetutils.oem4f (.text:mergeLists)
                  0001c390    0000002c     udpEcho.obj (.text:select)
                  0001c3bc    0000002c     release_pem4f.oem4f (.text:ti_sysbios_gates_GateHwi_Handle__label__S)
                  0001c3e8    0000002c     release_pem4f.oem4f (.text:ti_sysbios_gates_GateMutex_Handle__label__S)
                  0001c414    0000002c     release_pem4f.oem4f (.text:ti_sysbios_heaps_HeapMem_Handle__label__S)
                  0001c440    0000002c     release_pem4f.oem4f (.text:ti_sysbios_knl_Clock_doTick__I)
                  0001c46c    00000004     release_pem4f.oem4f (.text:ti_sysbios_family_arm_m3_TaskSupport_Module__startupDone__S)
                  0001c470    0000002c     sysbios.aem4f : BIOS.obj (.text:ti_sysbios_knl_Clock_getTimeout__E)
                  0001c49c    0000002c     release_pem4f.oem4f (.text:ti_sysbios_knl_Queue_construct)
                  0001c4c8    0000002c     rtsv7M4_T_le_v4SPD16_eabi.lib : unlink.c.obj (.text:unlink)
                  0001c4f4    0000002a     stk.aem4f : pbm.oem4f (.text:PBMQ_deq)
                  0001c51e    0000002a     netctrl_min_ipv4.aem4f : netsrv.oem4f (.text:ServiceCallback)
                  0001c548    0000002a     slnetsock_release.a : slnetutils.oem4f (.text:SlNetUtil_inetPton)
                  0001c572    0000002a     stk.aem4f : tcpin.oem4f (.text:TcpEnterTimeWait)
                  0001c59c    0000002a     msp432e4_driverlib.a : timer.o (.text:TimerLoadSet)
                  0001c5c6    0000002a                          : timer.o (.text:TimerPrescaleSet)
                  0001c5f0    0000002a     nettool_ipv4.aem4f : config.oem4f (.text:_CfgRelease)
                  0001c61a    0000002a     release_pem4f.oem4f (.text:calloc)
                  0001c644    0000002a     ti_ndk_config.obj (.text:configUdp)
                  0001c66e    0000002a     nettool_ipv4.aem4f : dhcpsock.oem4f (.text:dhcpPacketReceive)
                  0001c698    0000002a     sysbios.aem4f : BIOS.obj (.text:sem_init)
                  0001c6c2    00000002     --HOLE-- [fill = 0]
                  0001c6c4    00000028     stk.aem4f : bind.oem4f (.text:BindFindByNet)
                  0001c6ec    00000028     msp432e4_driverlib.a : flash.o (.text:FlashUserGet)
                  0001c714    00000028     stk.aem4f : lli.oem4f (.text:LLIFree)
                  0001c73c    00000028     netctrl_min_ipv4.aem4f : netctrl.oem4f (.text:NC_SystemClose)
                  0001c764    00000028     stk.aem4f : socket.oem4f (.text:NDK_registerHook)
                  0001c78c    00000028               : nimu.oem4f (.text:NIMUCreatePacket)
                  0001c7b4    00000028               : nimu.oem4f (.text:NIMUPacketService)
                  0001c7dc    00000028     slnetsock_release.a : slnetif.oem4f (.text:SlNetIf_getIfByID)
                  0001c804    00000028                         : slnetsock.oem4f (.text:SlNetSock_sdsClr)
                  0001c82c    00000028                         : slnetsock.oem4f (.text:SlNetSock_sdsIsSet)
                  0001c854    00000028                         : slnetsock.oem4f (.text:SlNetSock_sdsSet)
                  0001c87c    00000028     stk.aem4f : timer.oem4f (.text:TimerListRemove)
                  0001c8a4    00000028               : vlan.oem4f (.text:VLANInit)
                  0001c8cc    00000028     rtsv7M4_T_le_v4SPD16_eabi.lib : lseek.c.obj (.text:lseek)
                  0001c8f4    00000028                                   : memmov.c.obj (.text:memmove)
                  0001c91c    00000028     slnetifndk_msp432e4.aem4f : slnetifndk.oem4f (.text:removeSktFromTable)
                  0001c944    00000028     drivers_msp432e4.aem4f : EMACMSP432E4.oem4f (.text:signalLinkChange)
                  0001c96c    00000028     sysbios.aem4f : m3_Hwi_asm.obj (.text:ti_sysbios_family_arm_m3_Hwi_excHandlerAsm__I)
                  0001c994    00000004     release_pem4f.oem4f (.text:ti_sysbios_heaps_HeapMem_Module_GateProxy_enter__E)
                  0001c998    00000028     sysbios.aem4f : BIOS.obj (.text:ti_sysbios_knl_Clock_addI__E)
                  0001c9c0    00000028                   : BIOS.obj (.text:ti_sysbios_knl_Swi_Module_startup__E)
                  0001c9e8    00000028     rtsv7M4_T_le_v4SPD16_eabi.lib : vsprintf.c.obj (.text:vsprintf)
                  0001ca10    00000028                                   : write.c.obj (.text:write)
                  0001ca38    00000026     nettool_ipv4.aem4f : config.oem4f (.text:CfgEntryInfo)
                  0001ca5e    00000026     sysbios.aem4f : m3_Hwi_asm.obj (.text:ti_sysbios_family_arm_m3_Hwi_pendSV__I)
                  0001ca84    00000004     release_pem4f.oem4f (.text:ti_sysbios_heaps_HeapMem_Module_GateProxy_leave__E)
                  0001ca88    00000026     sysbios.aem4f : BIOS.obj (.text:xdc_runtime_System_vprintf__E)
                  0001caae    00000002     --HOLE-- [fill = 0]
                  0001cab0    00000024     stk.aem4f : bind.oem4f (.text:BindFindByHost)
                  0001cad4    00000024               : bind.oem4f (.text:BindGetIFByDBCast)
                  0001caf8    00000024     drivers_msp432e4.aem4f : EMACMSP432E4.oem4f (.text:EMACMSP432E4_pkt_service)
                  0001cb1c    00000024     stk.aem4f : exec.oem4f (.text:ExecTimer)
                  0001cb40    00000024     msp432e4_driverlib.a : gpio.o (.text:GPIOPinTypeEthernetLED)
                  0001cb64    00000024                          : gpio.o (.text:GPIOPinTypeSSI)
                  0001cb88    00000024                          : gpio.o (.text:GPIOPinTypeUART)
                  0001cbac    00000024     stk.aem4f : nimu.oem4f (.text:NIMUFindByIndex)
                  0001cbd0    00000024               : rtc.oem4f (.text:RTCAddHook)
                  0001cbf4    00000024               : rawethsock_pcb.oem4f (.text:RawEthSockPcbFind)
                  0001cc18    00000024               : route.oem4f (.text:RtFree)
                  0001cc3c    00000024               : route.oem4f (.text:RtSetTimeout)
                  0001cc60    00000024     slnetsock_release.a : slnetif.oem4f (.text:SlNetIf_getConnectionStatus)
                  0001cc84    00000024     stk.aem4f : sockpcb.oem4f (.text:SockPcbCleanup)
                  0001cca8    00000024               : tcpprot.oem4f (.text:TcpPrListen)
                  0001cccc    00000024               : tcptime.oem4f (.text:TcpTimeoutWait2)
                  0001ccf0    00000024     msp432e4_driverlib.a : uart.o (.text:UARTCharPutNonBlocking)
                  0001cd14    00000024                          : uart.o (.text:UARTEnable)
                  0001cd38    00000024     stk.aem4f : vlan.oem4f (.text:VLANFindSourceInterface)
                  0001cd5c    00000024     nettool_ipv4.aem4f : config.oem4f (.text:_CfgEntryProcess)
                  0001cd80    00000024     sysbios.aem4f : BIOS.obj (.text:pthread_attr_init)
                  0001cda4    00000024     os.aem4f : task.oem4f (.text:ti_ndk_os_threadStub)
                  0001cdc8    00000024     release_pem4f.oem4f (.text:ti_sysbios_BIOS_registerRTSLock__I)
                  0001cdec    00000024     release_pem4f.oem4f (.text:ti_sysbios_BIOS_removeRTSLock__I)
                  0001ce10    00000024     release_pem4f.oem4f (.text:ti_sysbios_gates_GateMutex_Object__delete__S)
                  0001ce34    00000004     release_pem4f.oem4f (.text:ti_sysbios_knl_Clock_TimerProxy_getMaxTicks__E)
                  0001ce38    00000024     sysbios.aem4f : BIOS.obj (.text:ti_sysbios_knl_Clock_Module_startup__E)
                  0001ce5c    00000024     release_pem4f.oem4f (.text:ti_sysbios_knl_Clock_Object__delete__S)
[...]
0001f494  IfQWriteSem                                                     
0001f498  task2                                                           
0001f49c  SerialSem                                                       
0001f4a0  task0                                                           
0001f4a4  UDPOutSem                                                       
0001f4a8  UDPOutWriteSem                                                  
0001f4ac  UDPLaunchSem                                                    
0001f4b0  UDPInSem                                                        
0001f4b4  UDPOutReadSem                                                   
0001f4b8  tiposix_mqGate                                                  
0001f552  ti_sysbios_heaps_HeapMem_Module__id__C                          
0001f673  xdc_runtime_Error_policy__C                                     
0001f6f0  ti_sysbios_knl_Task_Object__PARAMS__C                           
0001f834  spiMSP432E4DMAHWAttrs                                           
0001f864  ti_sysbios_family_arm_m3_Hwi_Object__PARAMS__C                  
0001f894  ti_sysbios_knl_Task_hooks__A                                    
0001f950  UARTMSP432E4_fxnTable                                           
0001f978  ti_sysbios_heaps_HeapMem_Module__FXNS__C                        
0001f9a0  UART_defaultParams                                              
0001f9c4  ti_sysbios_gates_GateHwi_Module__FXNS__C                        
0001f9e8  ti_sysbios_gates_GateMutex_Module__FXNS__C                      
0001fa0c  ti_sysbios_heaps_HeapMem_Object__PARAMS__C                      
0001fa30  ti_sysbios_knl_Clock_Object__PARAMS__C                          
0001fa54  ti_sysbios_knl_Semaphore_Object__PARAMS__C                      
0001fadc  SPI_defaultParams                                               
0001fafc  TimerMSP432E4_fxnTable                                          
0001fb5c  ti_sysbios_family_arm_m3_Hwi_Object__DESC__C                    
0001fb7c  ti_sysbios_gates_GateHwi_Object__DESC__C                        
0001fb9c  ti_sysbios_gates_GateMutex_Object__DESC__C                      
0001fbbc  ti_sysbios_heaps_HeapMem_Object__DESC__C                        
0001fbdc  ti_sysbios_knl_Clock_Object__DESC__C                            
0001fbfc  ti_sysbios_knl_Queue_Object__DESC__C                            
0001fc1c  ti_sysbios_knl_Semaphore_Object__DESC__C                        
0001fc3c  ti_sysbios_knl_Task_Object__DESC__C                             
0001fc5c  timerMSP432E4HWAttrs                                            
0001fc7c  xdc_runtime_Startup_sfxnTab__A                                  
0001fcf4  EMACMSP432E4_hwAttrs                                            
0001fd0c  SPIMSP432E4DMA_fxnTable                                         
0001fd24  Timer_config                                                    
0001fd3c  UART_config                                                     
0001fd6c  ti_ndk_config_Global_rawPageSize                                
0001fd70  ti_ndk_config_Global_rawPageCount                               
0001fd74  ti_ndk_config_Global_smallest                                   
0001fd78  ti_ndk_config_Global_largest                                    
0001fd7c  ti_ndk_config_Global_numFrameBuf                                
0001fd80  ti_ndk_config_Global_sizeFrameBuf                               
0001fd84  ti_sysbios_gates_GateHwi_Object__PARAMS__C                      
0001fd9c  ti_sysbios_gates_GateMutex_Object__PARAMS__C                    
0001fdb4  ti_sysbios_knl_Queue_Object__PARAMS__C                          
0001fde2  ti_sysbios_knl_Task_Module__id__C                               
0001fde4  GPIOMSP432E4_config                                             
0001fe1c  CONFIG_GPIO_0_CONST                                             
0001fe1d  CONFIG_GPIO_1_CONST                                             
0001fe1e  CONFIG_GPIO_2_CONST                                             
0001fe1f  CONFIG_GPIO_3_CONST                                             
0001fe20  CONFIG_GPIO_4_CONST                                             
0001fe21  CONFIG_GPIO_5_CONST                                             
0001fe22  CONFIG_GPIO_6_CONST                                             
0001fe23  CONFIG_GPIO_7_CONST                                             
0001fe24  CONFIG_SPI_0_CONST                                              
0001fe25  SPI_count                                                       
0001fe26  CONFIG_TIMER_1_CONST                                            
0001fe27  CONFIG_TIMER_2_CONST                                            
0001fe28  Timer_count                                                     
0001fe29  CONFIG_UART_0_CONST                                             
0001fe2a  CONFIG_UART_1_CONST                                             
0001fe2b  UART_count                                                      
0001fe2c  xdc_runtime_Startup_firstFxns__A                                
0001fe3c  xdc_runtime_Startup_sfxnRts__A                                  
0001fe4c  SPI_config                                                      
0001fe64  ti_sysbios_knl_Idle_funcList__A                                 
0001fe70  udmaMSP432E4HWAttrs                                             
0001fe7c  PowerMSP432E4_config                                            
0001fe84  UDMAMSP432E4_config                                             
0001feac  ti_sysbios_knl_Idle_funcList__C                                 
0001feb4  ti_sysbios_knl_Task_hooks__C                                    
0001febc  xdc_runtime_Startup_firstFxns__C                                
0001fec4  xdc_runtime_Startup_lastFxns__C                                 
0001fef4  ti_sysbios_family_arm_lm4_Timer_enableFunc__C                   
0001fef8  ti_sysbios_family_arm_lm4_Timer_numTimerDevices__C              
0001fefc  ti_sysbios_family_arm_lm4_Timer_startupNeeded__C                
0001ff00  ti_sysbios_family_arm_m3_Hwi_E_alreadyDefined__C                
0001ff04  ti_sysbios_family_arm_m3_Hwi_E_badIntNum__C                     
0001ff08  ti_sysbios_family_arm_m3_Hwi_NUM_INTERRUPTS__C                  
0001ff0c  ti_sysbios_family_arm_m3_Hwi_Object__count__C                   
0001ff10  ti_sysbios_family_arm_m3_Hwi_ccr__C                             
0001ff14  ti_sysbios_family_arm_m3_Hwi_excHandlerFunc__C                  
0001ff18  ti_sysbios_family_arm_m3_Hwi_nullIsrFunc__C                     
0001ff1c  ti_sysbios_family_arm_m3_Hwi_priGroup__C                        
0001ff20  ti_sysbios_family_arm_m3_TaskSupport_stackAlignment__C          
0001ff24  ti_sysbios_gates_GateMutex_Instance_State_sem__O                
0001ff28  ti_sysbios_heaps_HeapMem_E_memory__C                            
0001ff2c  ti_sysbios_heaps_HeapMem_Module__gateObj__C                     
0001ff30  ti_sysbios_heaps_HeapMem_Object__count__C                       
0001ff34  ti_sysbios_heaps_HeapMem_primaryHeapBaseAddr__C                 
0001ff38  ti_sysbios_heaps_HeapMem_primaryHeapEndAddr__C                  
0001ff3c  ti_sysbios_heaps_HeapMem_reqAlign__C                            
0001ff40  ti_sysbios_knl_Clock_Module_State_clockQ__O                     
0001ff44  ti_sysbios_knl_Clock_tickPeriod__C                              
0001ff48  ti_sysbios_knl_Mailbox_Instance_State_freeQue__O                
0001ff4c  ti_sysbios_knl_Mailbox_Object__count__C                         
0001ff50  ti_sysbios_knl_Mailbox_maxTypeAlign__C                          
0001ff54  ti_sysbios_knl_Semaphore_Instance_State_pendQ__O                
0001ff58  ti_sysbios_knl_Swi_Object__count__C                             
0001ff5c  ti_sysbios_knl_Task_E_deleteNotAllowed__C                       
0001ff60  ti_sysbios_knl_Task_Module_State_inactiveQ__O                   
0001ff64  ti_sysbios_knl_Task_Module_State_terminatedQ__O                 
0001ff68  ti_sysbios_knl_Task_Object__count__C                            
0001ff6c  ti_sysbios_knl_Task_Object__heap__C                             
0001ff70  ti_sysbios_knl_Task_allBlockedFunc__C                           
0001ff74  ti_sysbios_knl_Task_defaultStackHeap__C                         
0001ff78  ti_sysbios_knl_Task_defaultStackSize__C                         
0001ff7c  ti_sysbios_knl_Task_numConstructedTasks__C                      
0001ff80  xdc_runtime_Error_E_memory__C                                   
0001ff84  xdc_runtime_Error_policyFxn__C                                  
0001ff88  xdc_runtime_IGateProvider_Interface__BASE__C                    
0001ff8c  xdc_runtime_IHeap_Interface__BASE__C                            
0001ff90  xdc_runtime_IModule_Interface__BASE__C                          
0001ff94  xdc_runtime_Memory_defaultHeapInstance__C                       
0001ff98  xdc_runtime_Startup_execImpl__C                                 
0001ff9c  xdc_runtime_Startup_maxPasses__C                                
0001ffa0  xdc_runtime_Startup_sfxnRts__C                                  
0001ffa4  xdc_runtime_Startup_sfxnTab__C                                  
0001ffa8  xdc_runtime_SysCallback_abortFxn__C                             
0001ffac  xdc_runtime_SysCallback_exitFxn__C                              
0001ffb0  xdc_runtime_SysCallback_putchFxn__C                             
0001ffb4  xdc_runtime_SysCallback_readyFxn__C                             
0001ffb8  xdc_runtime_System_Module__gateObj__C                           
0001ffbc  xdc_runtime_System_abortFxn__C                                  
0001ffc0  xdc_runtime_System_exitFxn__C                                   
0001ffc4  xdc_runtime_System_extendFxn__C                                 
0001ffc8  xdc_runtime_System_maxAtexitHandlers__C                         
0001ffcc  xdc_runtime_Memory_Module__id__C                                
0001ffd0  __TI_static_base__                                              
00020000  HEAPSIZE                                                        
000205d8  __TI_Handler_Table_Base                                         
000205e4  __TI_Handler_Table_Limit                                        
000205f0  __TI_CINIT_Base                                                 
00020600  __TI_CINIT_Limit                                                
20000000  __start___llvm_prf_cnts                                         
20000000  __stop___llvm_prf_cnts                                          
20000000  ti_sysbios_family_arm_m3_Hwi_ramVectors                         
20000360  __primary_heap_start__                                          
20020360  __primary_heap_end__                                            
20020400  Glo                                                             
2002506c  ti_ndk_config_Global_pit                                        
20025114  ti_ndk_config_Global_pitBuffer                                  
20029914  ti_ndk_config_Global_pBufMem                                    
2002d514  ti_ndk_config_Global_pHdrMem                                    
2002d888  ti_sysbios_knl_Task_Instance_State_0_stack__A                   
2002e488  ti_sysbios_knl_Task_Instance_State_1_stack__A                   
2002ec88  ti_sysbios_knl_Task_Instance_State_2_stack__A                   
2002f888  ti_sysbios_knl_Task_Instance_State_3_stack__A                   
2002fa88  __CIOBUF_                                                       
2002fba8  NDK_ICMPIn                                                      
2002fbf4  PBMQ_free                                                       
20030000  ti_sysbios_family_arm_m3_Hwi_dispatchTable                      
20030460  uartMSP432E4Objects                                             
20030528  NDK_tcps                                                        
20030698  __TI_tmpnams                                                    
20030ad0  NDK_ips                                                         
20030b38  timerMSP432E4Objects                                            
20030ba0  nimu_mcb                                                        
20030c04  NDK_ICMPOut                                                     
20030c50  spiMSP432E4DMAObjects                                           
20030cfc  ti_ndk_socket_fdtable                                           
20030d24  vlan_mcb                                                        
20030d4c  NDK_udps                                                        
20030e38  stkEvent                                                        
20030e74  NDK_raweths                                                     
20030e84  NDK_raws                                                        
20030e94  tpseudo                                                         
20030ea0  upseudo                                                         
20030ebc  parmbuf                                                         
20030ec4  ti_sysbios_knl_Task_Instance_State_0_hookEnv__A                 
20030ecc  ti_sysbios_knl_Task_Instance_State_1_hookEnv__A                 
20030ed4  ti_sysbios_knl_Task_Instance_State_2_hookEnv__A                 
20030edc  ti_sysbios_knl_Task_Instance_State_3_hookEnv__A                 
20030ee4  udmaMSP432E4Object                                              
20030efc  _IGMPInDiscard                                                  
20030f00  _IGMPInQuery                                                    
20030f04  _IGMPInQueryGroup                                               
20030f08  _IGMPInResponse                                                 
20030f0c  _IGMPOutResponse                                                
20030f10  raweth_pcb                                                      
20030f14  PowerMSP432E4_module                                            
20031080  ti_sysbios_knl_Task_Object__table__V                            
200311b0  ti_sysbios_knl_Semaphore_Object__table__V                       
200312dc  _ftable                                                         
200313cc  _ipcfg                                                          
2003150c  ti_sysbios_knl_Swi_Module_State_0_readyQ__A                     
2003158c  ti_sysbios_knl_Task_Module_State_0_readyQ__A                    
2003160c  _device                                                         
20031684  ti_sysbios_knl_Swi_Object__table__V                             
200316e4  SlNetIfConfigNDK                                                
2003173c  ti_sysbios_gates_GateMutex_Object__table__V                     
20031790  _stream                                                         
20031830  ti_sysbios_knl_Task_Module__state__V                            
200318f4  ti_sysbios_family_arm_lm4_Timer_Module_State_0_device__A        
20031934  ti_sysbios_family_arm_lm4_Timer_Object__table__V                
200319a8  ti_sysbios_family_arm_m3_Hwi_Module__state__V                   
20031a38  ti_sysbios_knl_Clock_Module__state__V                           
20031a64  _oscfg                                                          
20031ab0  ti_sysbios_BIOS_Module__state__V                                
20031ad4  gpioCallbackFunctions                                           
20031af4  gpioPinConfigs                                                  
20031b14  pstrMsgName                                                     
20031b34  ti_sysbios_family_arm_lm4_Timer_Module_State_0_handles__A       
20031b54  xdc_runtime_Error_IgnoreBlock                                   
20031b90  ti_ndk_config_Global_Id2Size                                    
20031bac  ti_sysbios_knl_Swi_Module__state__V                             
20031be0  ti_sysbios_family_arm_m3_Hwi_Object__table__V                   
20031bf8  ti_sysbios_heaps_HeapMem_Object__table__V                       
20031c60  ti_sysbios_family_arm_lm4_Seconds_Module__state__V              
20031ca4  __TI_ft_end                                                     
20031ca8  __aeabi_stdin                                                   
20031cac  __aeabi_stdout                                                  
20031cb0  __aeabi_stderr                                                  
20031cbc  _IGMPForceVersion1                                              
20031cc4  __TI_cleanup_ptr                                                
20031cc8  __TI_dtors_ptr                                                  
20031ccc  __TI_enable_exit_profile_output                                 
20031cd0  NDK_createSockCtx                                               
20031cd4  NDK_closeSockCtx                                                
20031cd8  NDK_netStartError                                               
20031cdc  ti_sysbios_family_arm_lm4_Timer_Module__state__V                
20031cf4  _lock                                                           
20031cf8  _unlock                                                         
20031cfc  NIMUDeviceTable                                                 
20031d14  NDK_ICMPInErrors                                                
20031d18  NDK_ICMPOutErrors                                               
20031d1c  _IPExecuting                                                    
20031d3c  tcp_iss                                                         
20031d40  ptTimeFirst                                                     
20031d4c  ti_ndk_socket_max_fd                                            
20031d54  ti_sysbios_family_arm_m3_Hwi_Module__root__V                    
20031d5c  ti_sysbios_gates_GateHwi_Module__root__V                        
20031d64  ti_sysbios_gates_GateMutex_Module__root__V                      
20031d6c  ti_sysbios_heaps_HeapMem_Module__root__V                        
20031d74  ti_sysbios_knl_Clock_Module__root__V                            
20031d7c  ti_sysbios_knl_Queue_Module__root__V                            
20031d84  ti_sysbios_knl_Semaphore_Module__root__V                        
20031d8c  ti_sysbios_knl_Task_Module__root__V                             
20031d94  xdc_runtime_Startup_Module__state__V                            
20031d9c  xdc_runtime_System_Module_State_0_atexitHandlers__A             
20031da4  xdc_runtime_System_Module__state__V                             
20031dd0  main_func_sp                                                    
20031ddc  _IPReasmPtr                                                     
20031df0  ti_sysbios_family_arm_m3_Hwi_Module_State_0_excContext__A       
20031df4  ti_sysbios_family_arm_m3_Hwi_Module_State_0_excStack__A         
20031df8  ti_sysbios_gates_GateHwi_Object__table__V                       
20031dfc  ti_sysbios_knl_Task_Module_State_0_idleTask__A                  
20031e00  ti_sysbios_rts_ti_ReentSupport_Module__state__V                 
20031e04  xdc_runtime_Memory_Module__state__V                             
20031e0c  ti_sysbios_family_arm_m3_Hwi_Module_State_0_excActive__A        
2003fc00  __stack                                                         
20040000  __STACK_END                                                     
e000e000  ti_sysbios_family_arm_m3_Hwi_nvic                               
ffffffff  __TI_pprof_out_hndl                                             
ffffffff  __TI_prof_data_size                                             
ffffffff  __TI_prof_data_start                                            
ffffffff  __binit__                                                       
ffffffff  __c_args__                                                      
ffffffff  binit                                                           
UNDEFED   SHT$$INIT_ARRAY$$Base                                           
UNDEFED   SHT$$INIT_ARRAY$$Limit                                          

[1298 symbols]
